Archive member included to satisfy reference by file (symbol)

/home/engi/.arm-none-eabi-gcc/gcc-arm-none-eabi-9-2019-q4-major/bin/../lib/gcc/arm-none-eabi/9.2.1/../../../../arm-none-eabi/lib/thumb/v6-m/nofp/libc_nano.a(lib_a-exit.o)
                              /home/engi/.arm-none-eabi-gcc/gcc-arm-none-eabi-9-2019-q4-major/bin/../lib/gcc/arm-none-eabi/9.2.1/../../../../arm-none-eabi/lib/thumb/v6-m/nofp/crt0.o (exit)
/home/engi/.arm-none-eabi-gcc/gcc-arm-none-eabi-9-2019-q4-major/bin/../lib/gcc/arm-none-eabi/9.2.1/../../../../arm-none-eabi/lib/thumb/v6-m/nofp/libc_nano.a(lib_a-impure.o)
                              /home/engi/.arm-none-eabi-gcc/gcc-arm-none-eabi-9-2019-q4-major/bin/../lib/gcc/arm-none-eabi/9.2.1/../../../../arm-none-eabi/lib/thumb/v6-m/nofp/libc_nano.a(lib_a-exit.o) (_global_impure_ptr)
/home/engi/.arm-none-eabi-gcc/gcc-arm-none-eabi-9-2019-q4-major/bin/../lib/gcc/arm-none-eabi/9.2.1/../../../../arm-none-eabi/lib/thumb/v6-m/nofp/libc_nano.a(lib_a-init.o)
                              /home/engi/.arm-none-eabi-gcc/gcc-arm-none-eabi-9-2019-q4-major/bin/../lib/gcc/arm-none-eabi/9.2.1/../../../../arm-none-eabi/lib/thumb/v6-m/nofp/crt0.o (__libc_init_array)
/home/engi/.arm-none-eabi-gcc/gcc-arm-none-eabi-9-2019-q4-major/bin/../lib/gcc/arm-none-eabi/9.2.1/../../../../arm-none-eabi/lib/thumb/v6-m/nofp/libc_nano.a(lib_a-memset.o)
                              /home/engi/.arm-none-eabi-gcc/gcc-arm-none-eabi-9-2019-q4-major/bin/../lib/gcc/arm-none-eabi/9.2.1/../../../../arm-none-eabi/lib/thumb/v6-m/nofp/crt0.o (memset)
/home/engi/.arm-none-eabi-gcc/gcc-arm-none-eabi-9-2019-q4-major/bin/../lib/gcc/arm-none-eabi/9.2.1/../../../../arm-none-eabi/lib/thumb/v6-m/nofp/libnosys.a(_exit.o)
                              /home/engi/.arm-none-eabi-gcc/gcc-arm-none-eabi-9-2019-q4-major/bin/../lib/gcc/arm-none-eabi/9.2.1/../../../../arm-none-eabi/lib/thumb/v6-m/nofp/libc_nano.a(lib_a-exit.o) (_exit)
/home/engi/.arm-none-eabi-gcc/gcc-arm-none-eabi-9-2019-q4-major/bin/../lib/gcc/arm-none-eabi/9.2.1/thumb/v6-m/nofp/libgcc.a(_udivsi3.o)
                              _build/nrf51422_xxac_bsp.c.o (__aeabi_uidiv)
/home/engi/.arm-none-eabi-gcc/gcc-arm-none-eabi-9-2019-q4-major/bin/../lib/gcc/arm-none-eabi/9.2.1/thumb/v6-m/nofp/libgcc.a(_divsi3.o)
                              _build/nrf51422_xxac_bsp.c.o (__aeabi_idiv)
/home/engi/.arm-none-eabi-gcc/gcc-arm-none-eabi-9-2019-q4-major/bin/../lib/gcc/arm-none-eabi/9.2.1/thumb/v6-m/nofp/libgcc.a(_dvmd_tls.o)
                              /home/engi/.arm-none-eabi-gcc/gcc-arm-none-eabi-9-2019-q4-major/bin/../lib/gcc/arm-none-eabi/9.2.1/thumb/v6-m/nofp/libgcc.a(_udivsi3.o) (__aeabi_idiv0)
/home/engi/.arm-none-eabi-gcc/gcc-arm-none-eabi-9-2019-q4-major/bin/../lib/gcc/arm-none-eabi/9.2.1/../../../../arm-none-eabi/lib/thumb/v6-m/nofp/libc_nano.a(lib_a-memcpy-stub.o)
                              _build/nrf51422_xxac_SEGGER_RTT.c.o (memcpy)
/home/engi/.arm-none-eabi-gcc/gcc-arm-none-eabi-9-2019-q4-major/bin/../lib/gcc/arm-none-eabi/9.2.1/../../../../arm-none-eabi/lib/thumb/v6-m/nofp/libc_nano.a(lib_a-printf.o)
                              _build/nrf51422_xxac_main.c.o (printf)
/home/engi/.arm-none-eabi-gcc/gcc-arm-none-eabi-9-2019-q4-major/bin/../lib/gcc/arm-none-eabi/9.2.1/../../../../arm-none-eabi/lib/thumb/v6-m/nofp/libc_nano.a(lib_a-strcpy.o)
                              _build/nrf51422_xxac_SEGGER_RTT.c.o (strcpy)
/home/engi/.arm-none-eabi-gcc/gcc-arm-none-eabi-9-2019-q4-major/bin/../lib/gcc/arm-none-eabi/9.2.1/../../../../arm-none-eabi/lib/thumb/v6-m/nofp/libc_nano.a(lib_a-strlen.o)
                              _build/nrf51422_xxac_SEGGER_RTT.c.o (strlen)
/home/engi/.arm-none-eabi-gcc/gcc-arm-none-eabi-9-2019-q4-major/bin/../lib/gcc/arm-none-eabi/9.2.1/../../../../arm-none-eabi/lib/thumb/v6-m/nofp/libc_nano.a(lib_a-findfp.o)
                              /home/engi/.arm-none-eabi-gcc/gcc-arm-none-eabi-9-2019-q4-major/bin/../lib/gcc/arm-none-eabi/9.2.1/../../../../arm-none-eabi/lib/thumb/v6-m/nofp/libc_nano.a(lib_a-printf.o) (__sinit)
/home/engi/.arm-none-eabi-gcc/gcc-arm-none-eabi-9-2019-q4-major/bin/../lib/gcc/arm-none-eabi/9.2.1/../../../../arm-none-eabi/lib/thumb/v6-m/nofp/libc_nano.a(lib_a-fwalk.o)
                              /home/engi/.arm-none-eabi-gcc/gcc-arm-none-eabi-9-2019-q4-major/bin/../lib/gcc/arm-none-eabi/9.2.1/../../../../arm-none-eabi/lib/thumb/v6-m/nofp/libc_nano.a(lib_a-findfp.o) (_fwalk)
/home/engi/.arm-none-eabi-gcc/gcc-arm-none-eabi-9-2019-q4-major/bin/../lib/gcc/arm-none-eabi/9.2.1/../../../../arm-none-eabi/lib/thumb/v6-m/nofp/libc_nano.a(lib_a-lock.o)
                              /home/engi/.arm-none-eabi-gcc/gcc-arm-none-eabi-9-2019-q4-major/bin/../lib/gcc/arm-none-eabi/9.2.1/../../../../arm-none-eabi/lib/thumb/v6-m/nofp/libc_nano.a(lib_a-findfp.o) (__retarget_lock_init_recursive)
[...]
Memory Configuration

Name             Origin             Length             Attributes
FLASH            0x000000000001b000 0x0000000000025000 xr
RAM              0x0000000020001eb0 0x0000000000006150 xrw
*default*        0x0000000000000000 0xffffffffffffffff

Linker script and memory map


.text           0x000000000001b000     0x5398
 *(.isr_vector)
 .isr_vector    0x000000000001b000       0xc0 _build/nrf51422_xxac_gcc_startup_nrf51.S.o
                0x000000000001b000                __isr_vector
 *(.text*)
 .text          0x000000000001b0c0       0x48 /home/engi/.arm-none-eabi-gcc/gcc-arm-none-eabi-9-2019-q4-major/bin/../lib/gcc/arm-none-eabi/9.2.1/thumb/v6-m/nofp/crtbegin.o
 .text          0x000000000001b108       0x78 /home/engi/.arm-none-eabi-gcc/gcc-arm-none-eabi-9-2019-q4-major/bin/../lib/gcc/arm-none-eabi/9.2.1/../../../../arm-none-eabi/lib/thumb/v6-m/nofp/crt0.o
                0x000000000001b108                _mainCRTStartup
                0x000000000001b108                _start
 .text.exit     0x000000000001b180       0x2c /home/engi/.arm-none-eabi-gcc/gcc-arm-none-eabi-9-2019-q4-major/bin/../lib/gcc/arm-none-eabi/9.2.1/../../../../arm-none-eabi/lib/thumb/v6-m/nofp/libc_nano.a(lib_a-exit.o)
                0x000000000001b180                exit
 .text.__libc_init_array
                0x000000000001b1ac       0x48 /home/engi/.arm-none-eabi-gcc/gcc-arm-none-eabi-9-2019-q4-major/bin/../lib/gcc/arm-none-eabi/9.2.1/../../../../arm-none-eabi/lib/thumb/v6-m/nofp/libc_nano.a(lib_a-init.o)
                0x000000000001b1ac                __libc_init_array
 .text.memset   0x000000000001b1f4       0x10 /home/engi/.arm-none-eabi-gcc/gcc-arm-none-eabi-9-2019-q4-major/bin/../lib/gcc/arm-none-eabi/9.2.1/../../../../arm-none-eabi/lib/thumb/v6-m/nofp/libc_nano.a(lib_a-memset.o)
                0x000000000001b1f4                memset
 .text._exit    0x000000000001b204        0x4 /home/engi/.arm-none-eabi-gcc/gcc-arm-none-eabi-9-2019-q4-major/bin/../lib/gcc/arm-none-eabi/9.2.1/../../../../arm-none-eabi/lib/thumb/v6-m/nofp/libnosys.a(_exit.o)
                0x000000000001b204                _exit
 .text.detection_delay_timeout_handler
                0x000000000001b208       0xac _build/nrf51422_xxac_app_button.c.o
 .text.gpiote_event_handler
                0x000000000001b2b4       0x5c _build/nrf51422_xxac_app_button.c.o
 .text.app_button_init
                0x000000000001b310       0xb4 _build/nrf51422_xxac_app_button.c.o
                0x000000000001b310                app_button_init
 .text.app_button_enable
                0x000000000001b3c4       0x30 _build/nrf51422_xxac_app_button.c.o
                0x000000000001b3c4                app_button_enable
 .text.app_error_handler_bare
                0x000000000001b3f4       0x20 _build/nrf51422_xxac_app_error.c.o
                0x000000000001b3f4                app_error_handler_bare
 .text.app_error_fault_handler
                0x000000000001b414       0x1c _build/nrf51422_xxac_app_error_weak.c.o
                0x000000000001b414                app_error_fault_handler
 .text.app_fifo_init
                0x000000000001b430       0x28 _build/nrf51422_xxac_app_fifo.c.o
                0x000000000001b430                app_fifo_init
 .text.app_fifo_put
                0x000000000001b458       0x24 _build/nrf51422_xxac_app_fifo.c.o
                0x000000000001b458                app_fifo_put
 .text.app_fifo_get
                0x000000000001b47c       0x24 _build/nrf51422_xxac_app_fifo.c.o
                0x000000000001b47c                app_fifo_get
 .text.RTC1_IRQHandler
                0x000000000001b4a0       0xdc _build/nrf51422_xxac_app_timer.c.o
                0x000000000001b4a0                RTC1_IRQHandler
 .text.SWI0_IRQHandler
                0x000000000001b57c      0x510 _build/nrf51422_xxac_app_timer.c.o
                0x000000000001b57c                SWI0_IRQHandler
 .text.app_timer_init
                0x000000000001ba8c      0x128 _build/nrf51422_xxac_app_timer.c.o
                0x000000000001ba8c                app_timer_init
 .text.app_timer_create
                0x000000000001bbb4       0x2c _build/nrf51422_xxac_app_timer.c.o
                0x000000000001bbb4                app_timer_create
 .text.app_timer_start
                0x000000000001bbe0       0xc0 _build/nrf51422_xxac_app_timer.c.o
                0x000000000001bbe0                app_timer_start
 .text.app_timer_stop
                0x000000000001bca0       0x88 _build/nrf51422_xxac_app_timer.c.o
                0x000000000001bca0                app_timer_stop
 .text.uart_event_handler
                0x000000000001bd28       0xd0 _build/nrf51422_xxac_app_uart_fifo.c.o
 .text.app_uart_init
                0x000000000001bdf8       0xc0 _build/nrf51422_xxac_app_uart_fifo.c.o
                0x000000000001bdf8                app_uart_init
 .text.app_uart_get
                0x000000000001beb8       0x40 _build/nrf51422_xxac_app_uart_fifo.c.o
                0x000000000001beb8                app_uart_get
 .text.app_uart_put
                0x000000000001bef8       0x48 _build/nrf51422_xxac_app_uart_fifo.c.o
                0x000000000001bef8                app_uart_put
 .text.app_util_critical_region_enter
                0x000000000001bf40       0x40 _build/nrf51422_xxac_app_util_platform.c.o
                0x000000000001bf40                app_util_critical_region_enter
 .text.app_util_critical_region_exit
                0x000000000001bf80       0x2c _build/nrf51422_xxac_app_util_platform.c.o
                0x000000000001bf80                app_util_critical_region_exit
 .text._write   0x000000000001bfac       0x1c _build/nrf51422_xxac_retarget.c.o
                0x000000000001bfac                _write
 .text._read    0x000000000001bfc8       0x14 _build/nrf51422_xxac_retarget.c.o
                0x000000000001bfc8                _read
 .text.bsp_board_led_state_get
                0x000000000001bfdc       0x1c _build/nrf51422_xxac_boards.c.o
                0x000000000001bfdc                bsp_board_led_state_get
 .text.bsp_board_led_on
                0x000000000001bff8       0x1c _build/nrf51422_xxac_boards.c.o
                0x000000000001bff8                bsp_board_led_on
 .text.bsp_board_led_off
                0x000000000001c014       0x18 _build/nrf51422_xxac_boards.c.o
                0x000000000001c014                bsp_board_led_off
 .text.bsp_board_leds_off
                0x000000000001c02c       0x24 _build/nrf51422_xxac_boards.c.o
                0x000000000001c02c                bsp_board_leds_off
 .text.bsp_board_leds_on
                0x000000000001c050       0x24 _build/nrf51422_xxac_boards.c.o
                0x000000000001c050                bsp_board_leds_on
 .text.bsp_board_led_invert
                0x000000000001c074       0x30 _build/nrf51422_xxac_boards.c.o
                0x000000000001c074                bsp_board_led_invert
 .text.bsp_board_leds_init
                0x000000000001c0a4       0x3c _build/nrf51422_xxac_boards.c.o
                0x000000000001c0a4                bsp_board_leds_init
 .text.bsp_board_button_state_get
                0x000000000001c0e0       0x1c _build/nrf51422_xxac_boards.c.o
                0x000000000001c0e0                bsp_board_button_state_get
 .text.bsp_board_pin_to_button_idx
                0x000000000001c0fc       0x28 _build/nrf51422_xxac_boards.c.o
                0x000000000001c0fc                bsp_board_pin_to_button_idx
 .text.bsp_board_button_idx_to_pin
                0x000000000001c124        0xc _build/nrf51422_xxac_boards.c.o
                0x000000000001c124                bsp_board_button_idx_to_pin
 .text.POWER_CLOCK_IRQHandler
                0x000000000001c130       0x78 _build/nrf51422_xxac_nrf_drv_clock.c.o
                0x000000000001c130                POWER_CLOCK_IRQHandler
 .text.nrf_drv_clock_on_soc_event
                0x000000000001c1a8       0x24 _build/nrf51422_xxac_nrf_drv_clock.c.o
                0x000000000001c1a8                nrf_drv_clock_on_soc_event
 .text.nrf_drv_clock_on_sd_enable
                0x000000000001c1cc       0x6c _build/nrf51422_xxac_nrf_drv_clock.c.o
                0x000000000001c1cc                nrf_drv_clock_on_sd_enable
 .text.nrf_drv_common_irq_enable
                0x000000000001c238       0x7c _build/nrf51422_xxac_nrf_drv_common.c.o
                0x000000000001c238                nrf_drv_common_irq_enable
 .text.nrf_drv_gpiote_init
                0x000000000001c2b4       0x68 _build/nrf51422_xxac_nrf_drv_gpiote.c.o
                0x000000000001c2b4                nrf_drv_gpiote_init
 .text.nrf_drv_gpiote_is_init
                0x000000000001c31c       0x14 _build/nrf51422_xxac_nrf_drv_gpiote.c.o
                0x000000000001c31c                nrf_drv_gpiote_is_init
 .text.nrf_drv_gpiote_in_init
                0x000000000001c330      0x188 _build/nrf51422_xxac_nrf_drv_gpiote.c.o
                0x000000000001c330                nrf_drv_gpiote_in_init
 .text.nrf_drv_gpiote_in_event_enable
                0x000000000001c4b8       0xb0 _build/nrf51422_xxac_nrf_drv_gpiote.c.o
                0x000000000001c4b8                nrf_drv_gpiote_in_event_enable
 .text.nrf_drv_gpiote_in_is_set
                0x000000000001c568       0x14 _build/nrf51422_xxac_nrf_drv_gpiote.c.o
                0x000000000001c568                nrf_drv_gpiote_in_is_set
 .text.GPIOTE_IRQHandler
                0x000000000001c57c      0x4c4 _build/nrf51422_xxac_nrf_drv_gpiote.c.o
                0x000000000001c57c                GPIOTE_IRQHandler
 .text.nrf_drv_uart_init
                0x000000000001ca40      0x14c _build/nrf51422_xxac_nrf_drv_uart.c.o
                0x000000000001ca40                nrf_drv_uart_init
 .text.nrf_drv_uart_tx
                0x000000000001cb8c      0x100 _build/nrf51422_xxac_nrf_drv_uart.c.o
                0x000000000001cb8c                nrf_drv_uart_tx
 .text.nrf_drv_uart_tx_in_progress
                0x000000000001cc8c       0x1c _build/nrf51422_xxac_nrf_drv_uart.c.o
                0x000000000001cc8c                nrf_drv_uart_tx_in_progress
 .text.nrf_drv_uart_rx
                0x000000000001cca8      0x1bc _build/nrf51422_xxac_nrf_drv_uart.c.o
                0x000000000001cca8                nrf_drv_uart_rx
 .text.nrf_drv_uart_rx_enable
                0x000000000001ce64       0x3c _build/nrf51422_xxac_nrf_drv_uart.c.o
                0x000000000001ce64                nrf_drv_uart_rx_enable
 .text.UART0_IRQHandler
                0x000000000001cea0      0x18c _build/nrf51422_xxac_nrf_drv_uart.c.o
                0x000000000001cea0                UART0_IRQHandler
 .text.alert_timer_handler
                0x000000000001d02c        0xc _build/nrf51422_xxac_bsp.c.o
 .text.bsp_button_event_handler
                0x000000000001d038       0xb8 _build/nrf51422_xxac_bsp.c.o
 .text.leds_timer_handler
                0x000000000001d0f0      0x1fc _build/nrf51422_xxac_bsp.c.o
 .text.button_timer_handler
                0x000000000001d2ec       0x30 _build/nrf51422_xxac_bsp.c.o
 .text.bsp_button_is_pressed
                0x000000000001d31c        0x8 _build/nrf51422_xxac_bsp.c.o
                0x000000000001d31c                bsp_button_is_pressed
 .text.bsp_indication_set
                0x000000000001d324      0x240 _build/nrf51422_xxac_bsp.c.o
                0x000000000001d324                bsp_indication_set
 .text.bsp_init
                0x000000000001d564       0xb4 _build/nrf51422_xxac_bsp.c.o
                0x000000000001d564                bsp_init
 .text.bsp_event_to_button_action_assign
                0x000000000001d618       0x50 _build/nrf51422_xxac_bsp.c.o
                0x000000000001d618                bsp_event_to_button_action_assign
 .text.bsp_wakeup_button_enable
                0x000000000001d668       0x30 _build/nrf51422_xxac_bsp.c.o
                0x000000000001d668                bsp_wakeup_button_enable
 .text.bsp_btn_ble_sleep_mode_prepare
                0x000000000001d698       0x28 _build/nrf51422_xxac_bsp_btn_ble.c.o
                0x000000000001d698                bsp_btn_ble_sleep_mode_prepare
 .text.bsp_btn_ble_on_ble_evt
                0x000000000001d6c0       0xbc _build/nrf51422_xxac_bsp_btn_ble.c.o
                0x000000000001d6c0                bsp_btn_ble_on_ble_evt
 .text.bsp_btn_ble_init
                0x000000000001d77c       0x78 _build/nrf51422_xxac_bsp_btn_ble.c.o
                0x000000000001d77c                bsp_btn_ble_init
 .text.sd_power_system_off
                0x000000000001d7f4        0x4 _build/nrf51422_xxac_main.c.o
 .text.sd_app_evt_wait
                0x000000000001d7f8        0x4 _build/nrf51422_xxac_main.c.o
 .text.sd_ble_gap_conn_param_update
                0x000000000001d7fc        0x4 _build/nrf51422_xxac_main.c.o
 .text.sd_ble_gap_disconnect
                0x000000000001d800        0x4 _build/nrf51422_xxac_main.c.o
 .text.sd_ble_gap_sec_params_reply
                0x000000000001d804        0x4 _build/nrf51422_xxac_main.c.o
 .text.sd_ble_gap_scan_start
                0x000000000001d808        0x4 _build/nrf51422_xxac_main.c.o
 .text.sd_ble_gap_connect
                0x000000000001d80c        0x4 _build/nrf51422_xxac_main.c.o
 .text.sd_ble_uuid_decode
                0x000000000001d810        0x4 _build/nrf51422_xxac_main.c.o
 .text.db_disc_handler
                0x000000000001d814       0x10 _build/nrf51422_xxac_main.c.o
 .text.uart_event_handle
                0x000000000001d824       0x60 _build/nrf51422_xxac_main.c.o
                0x000000000001d824                uart_event_handle
 .text.bsp_event_handler
                0x000000000001d884       0x54 _build/nrf51422_xxac_main.c.o
                0x000000000001d884                bsp_event_handler
 .text.ble_nus_c_evt_handler
                0x000000000001d8d8       0x94 _build/nrf51422_xxac_main.c.o
 .text.ble_evt_dispatch
                0x000000000001d96c      0x210 _build/nrf51422_xxac_main.c.o
 .text.startup.main
                0x000000000001db7c      0x154 _build/nrf51422_xxac_main.c.o
                0x000000000001db7c                main
 .text.sd_ble_gattc_primary_services_discover
                0x000000000001dcd0        0x4 _build/nrf51422_xxac_ble_db_discovery.c.o
 .text.sd_ble_gattc_characteristics_discover
                0x000000000001dcd4        0x4 _build/nrf51422_xxac_ble_db_discovery.c.o
 .text.sd_ble_gattc_descriptors_discover
                0x000000000001dcd8        0x4 _build/nrf51422_xxac_ble_db_discovery.c.o
 .text.discovery_error_evt_trigger
                0x000000000001dcdc       0xb8 _build/nrf51422_xxac_ble_db_discovery.c.o
 .text.discovery_complete_evt_trigger
                0x000000000001dd94      0x140 _build/nrf51422_xxac_ble_db_discovery.c.o
 .text.descriptors_discover
                0x000000000001ded4       0xd4 _build/nrf51422_xxac_ble_db_discovery.c.o
 .text.ble_db_discovery_init
                0x000000000001dfa8       0x30 _build/nrf51422_xxac_ble_db_discovery.c.o
                0x000000000001dfa8                ble_db_discovery_init
 .text.ble_db_discovery_evt_register
                0x000000000001dfd8       0xd4 _build/nrf51422_xxac_ble_db_discovery.c.o
                0x000000000001dfd8                ble_db_discovery_evt_register
 .text.ble_db_discovery_start
                0x000000000001e0ac       0x80 _build/nrf51422_xxac_ble_db_discovery.c.o
                0x000000000001e0ac                ble_db_discovery_start
 .text.ble_db_discovery_on_ble_evt
                0x000000000001e12c      0x8a4 _build/nrf51422_xxac_ble_db_discovery.c.o
                0x000000000001e12c                ble_db_discovery_on_ble_evt
 .text          0x000000000001e9d0       0x4c _build/nrf51422_xxac_gcc_startup_nrf51.S.o
                0x000000000001e9d0                Reset_Handler
                0x000000000001ea10                NMI_Handler
                0x000000000001ea12                HardFault_Handler
                0x000000000001ea14                SVC_Handler
                0x000000000001ea16                PendSV_Handler
                0x000000000001ea18                SysTick_Handler
                0x000000000001ea1a                TIMER2_IRQHandler
                0x000000000001ea1a                SPI0_TWI0_IRQHandler
                0x000000000001ea1a                RTC0_IRQHandler
                0x000000000001ea1a                RADIO_IRQHandler
                0x000000000001ea1a                LPCOMP_IRQHandler
                0x000000000001ea1a                SWI4_IRQHandler
                0x000000000001ea1a                TEMP_IRQHandler
                0x000000000001ea1a                QDEC_IRQHandler
                0x000000000001ea1a                SWI5_IRQHandler
                0x000000000001ea1a                TIMER0_IRQHandler
                0x000000000001ea1a                TIMER1_IRQHandler
                0x000000000001ea1a                ECB_IRQHandler
                0x000000000001ea1a                Default_Handler
                0x000000000001ea1a                ADC_IRQHandler
                0x000000000001ea1a                SWI3_IRQHandler
                0x000000000001ea1a                CCM_AAR_IRQHandler
                0x000000000001ea1a                WDT_IRQHandler
                0x000000000001ea1a                RNG_IRQHandler
                0x000000000001ea1a                SPI1_TWI1_IRQHandler
                0x000000000001ea1a                SWI1_IRQHandler
 .text.SystemInit
                0x000000000001ea1c       0xe0 _build/nrf51422_xxac_system_nrf51.c.o
                0x000000000001ea1c                SystemInit
 .text.sd_ble_gattc_write
                0x000000000001eafc        0x4 _build/nrf51422_xxac_ble_nus_c.c.o
 .text.sd_ble_uuid_vs_add
                0x000000000001eb00        0x4 _build/nrf51422_xxac_ble_nus_c.c.o
 .text.ble_nus_c_on_db_disc_evt
                0x000000000001eb04       0xac _build/nrf51422_xxac_ble_nus_c.c.o
                0x000000000001eb04                ble_nus_c_on_db_disc_evt
 .text.ble_nus_c_init
                0x000000000001ebb0       0x54 _build/nrf51422_xxac_ble_nus_c.c.o
                0x000000000001ebb0                ble_nus_c_init
 .text.ble_nus_c_on_ble_evt
                0x000000000001ec04       0x7c _build/nrf51422_xxac_ble_nus_c.c.o
                0x000000000001ec04                ble_nus_c_on_ble_evt
 .text.ble_nus_c_rx_notif_enable
                0x000000000001ec80       0x44 _build/nrf51422_xxac_ble_nus_c.c.o
                0x000000000001ec80                ble_nus_c_rx_notif_enable
 .text.ble_nus_c_string_send
                0x000000000001ecc4       0x44 _build/nrf51422_xxac_ble_nus_c.c.o
                0x000000000001ecc4                ble_nus_c_string_send
 .text.ble_nus_c_handles_assign
                0x000000000001ed08       0x24 _build/nrf51422_xxac_ble_nus_c.c.o
                0x000000000001ed08                ble_nus_c_handles_assign
 .text.sd_evt_get
                0x000000000001ed2c        0x4 _build/nrf51422_xxac_softdevice_handler.c.o
 .text.sd_softdevice_enable
                0x000000000001ed30        0x4 _build/nrf51422_xxac_softdevice_handler.c.o
 .text.sd_ble_enable
                0x000000000001ed34        0x4 _build/nrf51422_xxac_softdevice_handler.c.o
 .text.sd_ble_evt_get
                0x000000000001ed38        0x4 _build/nrf51422_xxac_softdevice_handler.c.o
 .text.softdevice_fault_handler
                0x000000000001ed3c        0x8 _build/nrf51422_xxac_softdevice_handler.c.o
                0x000000000001ed3c                softdevice_fault_handler
 .text.intern_softdevice_events_execute.part.0
                0x000000000001ed44       0xe4 _build/nrf51422_xxac_softdevice_handler.c.o
 .text.softdevice_handler_is_enabled
                0x000000000001ee28        0xc _build/nrf51422_xxac_softdevice_handler.c.o
                0x000000000001ee28                softdevice_handler_is_enabled
 .text.softdevice_handler_init
                0x000000000001ee34       0x9c _build/nrf51422_xxac_softdevice_handler.c.o
                0x000000000001ee34                softdevice_handler_init
 .text.softdevice_ble_evt_handler_set
                0x000000000001eed0       0x14 _build/nrf51422_xxac_softdevice_handler.c.o
                0x000000000001eed0                softdevice_ble_evt_handler_set
 .text.SWI2_IRQHandler
                0x000000000001eee4       0x30 _build/nrf51422_xxac_softdevice_handler.c.o
                0x000000000001eee4                SWI2_IRQHandler
 .text.softdevice_enable_get_default_config
                0x000000000001ef14       0x30 _build/nrf51422_xxac_softdevice_handler.c.o
                0x000000000001ef14                softdevice_enable_get_default_config
 .text.softdevice_enable
                0x000000000001ef44       0x1c _build/nrf51422_xxac_softdevice_handler.c.o
                0x000000000001ef44                softdevice_enable
 .text          0x000000000001ef60      0x114 /home/engi/.arm-none-eabi-gcc/gcc-arm-none-eabi-9-2019-q4-major/bin/../lib/gcc/arm-none-eabi/9.2.1/thumb/v6-m/nofp/libgcc.a(_udivsi3.o)
                0x000000000001ef60                __udivsi3
                0x000000000001ef60                __aeabi_uidiv
                0x000000000001f06c                __aeabi_uidivmod
 .text          0x000000000001f074        0x4 /home/engi/.arm-none-eabi-gcc/gcc-arm-none-eabi-9-2019-q4-major/bin/../lib/gcc/arm-none-eabi/9.2.1/thumb/v6-m/nofp/libgcc.a(_dvmd_tls.o)
                0x000000000001f074                __aeabi_ldiv0
                0x000000000001f074                __aeabi_idiv0
 .text.memcpy   0x000000000001f078       0x12 /home/engi/.arm-none-eabi-gcc/gcc-arm-none-eabi-9-2019-q4-major/bin/../lib/gcc/arm-none-eabi/9.2.1/../../../../arm-none-eabi/lib/thumb/v6-m/nofp/libc_nano.a(lib_a-memcpy-stub.o)
                0x000000000001f078                memcpy
 *fill*         0x000000000001f08a        0x2 
 .text.printf   0x000000000001f08c       0x34 /home/engi/.arm-none-eabi-gcc/gcc-arm-none-eabi-9-2019-q4-major/bin/../lib/gcc/arm-none-eabi/9.2.1/../../../../arm-none-eabi/lib/thumb/v6-m/nofp/libc_nano.a(lib_a-printf.o)
                0x000000000001f08c                printf
                0x000000000001f08c                iprintf
 .text.std      0x000000000001f0c0       0x48 /home/engi/.arm-none-eabi-gcc/gcc-arm-none-eabi-9-2019-q4-major/bin/../lib/gcc/arm-none-eabi/9.2.1/../../../../arm-none-eabi/lib/thumb/v6-m/nofp/libc_nano.a(lib_a-findfp.o)
 .text._cleanup_r
                0x000000000001f108       0x10 /home/engi/.arm-none-eabi-gcc/gcc-arm-none-eabi-9-2019-q4-major/bin/../lib/gcc/arm-none-eabi/9.2.1/../../../../arm-none-eabi/lib/thumb/v6-m/nofp/libc_nano.a(lib_a-findfp.o)
                0x000000000001f108                _cleanup_r
 .text.__sfmoreglue
                0x000000000001f118       0x2c /home/engi/.arm-none-eabi-gcc/gcc-arm-none-eabi-9-2019-q4-major/bin/../lib/gcc/arm-none-eabi/9.2.1/../../../../arm-none-eabi/lib/thumb/v6-m/nofp/libc_nano.a(lib_a-findfp.o)
                0x000000000001f118                __sfmoreglue
 .text.__sfp_lock_acquire
                0x000000000001f144       0x10 /home/engi/.arm-none-eabi-gcc/gcc-arm-none-eabi-9-2019-q4-major/bin/../lib/gcc/arm-none-eabi/9.2.1/../../../../arm-none-eabi/lib/thumb/v6-m/nofp/libc_nano.a(lib_a-findfp.o)
                0x000000000001f144                __sfp_lock_acquire
 .text.__sfp_lock_release
                0x000000000001f154       0x10 /home/engi/.arm-none-eabi-gcc/gcc-arm-none-eabi-9-2019-q4-major/bin/../lib/gcc/arm-none-eabi/9.2.1/../../../../arm-none-eabi/lib/thumb/v6-m/nofp/libc_nano.a(lib_a-findfp.o)
                0x000000000001f154                __sfp_lock_release
 .text.__sinit_lock_acquire
                0x000000000001f164       0x10 /home/engi/.arm-none-eabi-gcc/gcc-arm-none-eabi-9-2019-q4-major/bin/../lib/gcc/arm-none-eabi/9.2.1/../../../../arm-none-eabi/lib/thumb/v6-m/nofp/libc_nano.a(lib_a-findfp.o)
                0x000000000001f164                __sinit_lock_acquire
 .text.__sinit_lock_release
                0x000000000001f174       0x10 /home/engi/.arm-none-eabi-gcc/gcc-arm-none-eabi-9-2019-q4-major/bin/../lib/gcc/arm-none-eabi/9.2.1/../../../../arm-none-eabi/lib/thumb/v6-m/nofp/libc_nano.a(lib_a-findfp.o)
                0x000000000001f174                __sinit_lock_release
 .text.__sinit  0x000000000001f184       0x70 /home/engi/.arm-none-eabi-gcc/gcc-arm-none-eabi-9-2019-q4-major/bin/../lib/gcc/arm-none-eabi/9.2.1/../../../../arm-none-eabi/lib/thumb/v6-m/nofp/libc_nano.a(lib_a-findfp.o)
                0x000000000001f184                __sinit
 .text.__sfp    0x000000000001f1f4       0x90 /home/engi/.arm-none-eabi-gcc/gcc-arm-none-eabi-9-2019-q4-major/bin/../lib/gcc/arm-none-eabi/9.2.1/../../../../arm-none-eabi/lib/thumb/v6-m/nofp/libc_nano.a(lib_a-findfp.o)
                0x000000000001f1f4                __sfp
 .text._fwalk_reent
                0x000000000001f284       0x40 /home/engi/.arm-none-eabi-gcc/gcc-arm-none-eabi-9-2019-q4-major/bin/../lib/gcc/arm-none-eabi/9.2.1/../../../../arm-none-eabi/lib/thumb/v6-m/nofp/libc_nano.a(lib_a-fwalk.o)
                0x000000000001f284                _fwalk_reent
 .text.__retarget_lock_init_recursive
                0x000000000001f2c4        0x2 /home/engi/.arm-none-eabi-gcc/gcc-arm-none-eabi-9-2019-q4-major/bin/../lib/gcc/arm-none-eabi/9.2.1/../../../../arm-none-eabi/lib/thumb/v6-m/nofp/libc_nano.a(lib_a-lock.o)
                0x000000000001f2c4                __retarget_lock_init_recursive
 .text.__retarget_lock_acquire_recursive
                0x000000000001f2c6        0x2 /home/engi/.arm-none-eabi-gcc/gcc-arm-none-eabi-9-2019-q4-major/bin/../lib/gcc/arm-none-eabi/9.2.1/../../../../arm-none-eabi/lib/thumb/v6-m/nofp/libc_nano.a(lib_a-lock.o)
                0x000000000001f2c6                __retarget_lock_acquire_recursive
 .text.__retarget_lock_release_recursive
                0x000000000001f2c8        0x2 /home/engi/.arm-none-eabi-gcc/gcc-arm-none-eabi-9-2019-q4-major/bin/../lib/gcc/arm-none-eabi/9.2.1/../../../../arm-none-eabi/lib/thumb/v6-m/nofp/libc_nano.a(lib_a-lock.o)
                0x000000000001f2c8                __retarget_lock_release_recursive
 *fill*         0x000000000001f2ca        0x2 
 .text._malloc_r
                0x000000000001f2cc       0xbc /home/engi/.arm-none-eabi-gcc/gcc-arm-none-eabi-9-2019-q4-major/bin/../lib/gcc/arm-none-eabi/9.2.1/../../../../arm-none-eabi/lib/thumb/v6-m/nofp/libc_nano.a(lib_a-nano-mallocr.o)
                0x000000000001f2cc                _malloc_r
 .text.__sfputc_r
                0x000000000001f388       0x2a /home/engi/.arm-none-eabi-gcc/gcc-arm-none-eabi-9-2019-q4-major/bin/../lib/gcc/arm-none-eabi/9.2.1/../../../../arm-none-eabi/lib/thumb/v6-m/nofp/libc_nano.a(lib_a-nano-vfprintf.o)
 .text.__sfputs_r
                0x000000000001f3b2       0x24 /home/engi/.arm-none-eabi-gcc/gcc-arm-none-eabi-9-2019-q4-major/bin/../lib/gcc/arm-none-eabi/9.2.1/../../../../arm-none-eabi/lib/thumb/v6-m/nofp/libc_nano.a(lib_a-nano-vfprintf.o)
                0x000000000001f3b2                __sfputs_r
 *fill*         0x000000000001f3d6        0x2 
 .text._vfprintf_r
                0x000000000001f3d8      0x274 /home/engi/.arm-none-eabi-gcc/gcc-arm-none-eabi-9-2019-q4-major/bin/../lib/gcc/arm-none-eabi/9.2.1/../../../../arm-none-eabi/lib/thumb/v6-m/nofp/libc_nano.a(lib_a-nano-vfprintf.o)
                0x000000000001f3d8                _vfiprintf_r
                0x000000000001f3d8                _vfprintf_r
 .text._printf_common
                0x000000000001f64c       0xde /home/engi/.arm-none-eabi-gcc/gcc-arm-none-eabi-9-2019-q4-major/bin/../lib/gcc/arm-none-eabi/9.2.1/../../../../arm-none-eabi/lib/thumb/v6-m/nofp/libc_nano.a(lib_a-nano-vfprintf_i.o)
                0x000000000001f64c                _printf_common
 *fill*         0x000000000001f72a        0x2 
 .text._printf_i
                0x000000000001f72c      0x224 /home/engi/.arm-none-eabi-gcc/gcc-arm-none-eabi-9-2019-q4-major/bin/../lib/gcc/arm-none-eabi/9.2.1/../../../../arm-none-eabi/lib/thumb/v6-m/nofp/libc_nano.a(lib_a-nano-vfprintf_i.o)
                0x000000000001f72c                _printf_i
 .text._sbrk_r  0x000000000001f950       0x24 /home/engi/.arm-none-eabi-gcc/gcc-arm-none-eabi-9-2019-q4-major/bin/../lib/gcc/arm-none-eabi/9.2.1/../../../../arm-none-eabi/lib/thumb/v6-m/nofp/libc_nano.a(lib_a-sbrkr.o)
                0x000000000001f950                _sbrk_r
 .text.__sread  0x000000000001f974       0x28 /home/engi/.arm-none-eabi-gcc/gcc-arm-none-eabi-9-2019-q4-major/bin/../lib/gcc/arm-none-eabi/9.2.1/../../../../arm-none-eabi/lib/thumb/v6-m/nofp/libc_nano.a(lib_a-stdio.o)
                0x000000000001f974                __sread
 .text.__swrite
                0x000000000001f99c       0x38 /home/engi/.arm-none-eabi-gcc/gcc-arm-none-eabi-9-2019-q4-major/bin/../lib/gcc/arm-none-eabi/9.2.1/../../../../arm-none-eabi/lib/thumb/v6-m/nofp/libc_nano.a(lib_a-stdio.o)
                0x000000000001f99c                __swrite
 .text.__sseek  0x000000000001f9d4       0x2c /home/engi/.arm-none-eabi-gcc/gcc-arm-none-eabi-9-2019-q4-major/bin/../lib/gcc/arm-none-eabi/9.2.1/../../../../arm-none-eabi/lib/thumb/v6-m/nofp/libc_nano.a(lib_a-stdio.o)
                0x000000000001f9d4                __sseek
 .text.__sclose
                0x000000000001fa00        0xc /home/engi/.arm-none-eabi-gcc/gcc-arm-none-eabi-9-2019-q4-major/bin/../lib/gcc/arm-none-eabi/9.2.1/../../../../arm-none-eabi/lib/thumb/v6-m/nofp/libc_nano.a(lib_a-stdio.o)
                0x000000000001fa00                __sclose
 .text.__swbuf_r
                0x000000000001fa0c       0xac /home/engi/.arm-none-eabi-gcc/gcc-arm-none-eabi-9-2019-q4-major/bin/../lib/gcc/arm-none-eabi/9.2.1/../../../../arm-none-eabi/lib/thumb/v6-m/nofp/libc_nano.a(lib_a-wbuf.o)
                0x000000000001fa0c                __swbuf_r
 .text._write_r
                0x000000000001fab8       0x28 /home/engi/.arm-none-eabi-gcc/gcc-arm-none-eabi-9-2019-q4-major/bin/../lib/gcc/arm-none-eabi/9.2.1/../../../../arm-none-eabi/lib/thumb/v6-m/nofp/libc_nano.a(lib_a-writer.o)
                0x000000000001fab8                _write_r
 .text.__swsetup_r
                0x000000000001fae0       0xf0 /home/engi/.arm-none-eabi-gcc/gcc-arm-none-eabi-9-2019-q4-major/bin/../lib/gcc/arm-none-eabi/9.2.1/../../../../arm-none-eabi/lib/thumb/v6-m/nofp/libc_nano.a(lib_a-wsetup.o)
                0x000000000001fae0                __swsetup_r
 .text._close_r
                0x000000000001fbd0       0x24 /home/engi/.arm-none-eabi-gcc/gcc-arm-none-eabi-9-2019-q4-major/bin/../lib/gcc/arm-none-eabi/9.2.1/../../../../arm-none-eabi/lib/thumb/v6-m/nofp/libc_nano.a(lib_a-closer.o)
                0x000000000001fbd0                _close_r
 .text.__sflush_r
                0x000000000001fbf4      0x118 /home/engi/.arm-none-eabi-gcc/gcc-arm-none-eabi-9-2019-q4-major/bin/../lib/gcc/arm-none-eabi/9.2.1/../../../../arm-none-eabi/lib/thumb/v6-m/nofp/libc_nano.a(lib_a-fflush.o)
                0x000000000001fbf4                __sflush_r
 .text._fflush_r
                0x000000000001fd0c       0x80 /home/engi/.arm-none-eabi-gcc/gcc-arm-none-eabi-9-2019-q4-major/bin/../lib/gcc/arm-none-eabi/9.2.1/../../../../arm-none-eabi/lib/thumb/v6-m/nofp/libc_nano.a(lib_a-fflush.o)
                0x000000000001fd0c                _fflush_r
 .text._lseek_r
                0x000000000001fd8c       0x28 /home/engi/.arm-none-eabi-gcc/gcc-arm-none-eabi-9-2019-q4-major/bin/../lib/gcc/arm-none-eabi/9.2.1/../../../../arm-none-eabi/lib/thumb/v6-m/nofp/libc_nano.a(lib_a-lseekr.o)
                0x000000000001fd8c                _lseek_r
 .text.__swhatbuf_r
                0x000000000001fdb4       0x50 /home/engi/.arm-none-eabi-gcc/gcc-arm-none-eabi-9-2019-q4-major/bin/../lib/gcc/arm-none-eabi/9.2.1/../../../../arm-none-eabi/lib/thumb/v6-m/nofp/libc_nano.a(lib_a-makebuf.o)
                0x000000000001fdb4                __swhatbuf_r
 .text.__smakebuf_r
                0x000000000001fe04       0x88 /home/engi/.arm-none-eabi-gcc/gcc-arm-none-eabi-9-2019-q4-major/bin/../lib/gcc/arm-none-eabi/9.2.1/../../../../arm-none-eabi/lib/thumb/v6-m/nofp/libc_nano.a(lib_a-makebuf.o)
                0x000000000001fe04                __smakebuf_r
 .text.memchr   0x000000000001fe8c       0x16 /home/engi/.arm-none-eabi-gcc/gcc-arm-none-eabi-9-2019-q4-major/bin/../lib/gcc/arm-none-eabi/9.2.1/../../../../arm-none-eabi/lib/thumb/v6-m/nofp/libc_nano.a(lib_a-memchr-stub.o)
                0x000000000001fe8c                memchr
 *fill*         0x000000000001fea2        0x2 
 .text.__malloc_lock
                0x000000000001fea4       0x10 /home/engi/.arm-none-eabi-gcc/gcc-arm-none-eabi-9-2019-q4-major/bin/../lib/gcc/arm-none-eabi/9.2.1/../../../../arm-none-eabi/lib/thumb/v6-m/nofp/libc_nano.a(lib_a-mlock.o)
                0x000000000001fea4                __malloc_lock
 .text.__malloc_unlock
                0x000000000001feb4       0x10 /home/engi/.arm-none-eabi-gcc/gcc-arm-none-eabi-9-2019-q4-major/bin/../lib/gcc/arm-none-eabi/9.2.1/../../../../arm-none-eabi/lib/thumb/v6-m/nofp/libc_nano.a(lib_a-mlock.o)
                0x000000000001feb4                __malloc_unlock
 .text._free_r  0x000000000001fec4       0x94 /home/engi/.arm-none-eabi-gcc/gcc-arm-none-eabi-9-2019-q4-major/bin/../lib/gcc/arm-none-eabi/9.2.1/../../../../arm-none-eabi/lib/thumb/v6-m/nofp/libc_nano.a(lib_a-nano-freer.o)
                0x000000000001fec4                _free_r
 .text._read_r  0x000000000001ff58       0x28 /home/engi/.arm-none-eabi-gcc/gcc-arm-none-eabi-9-2019-q4-major/bin/../lib/gcc/arm-none-eabi/9.2.1/../../../../arm-none-eabi/lib/thumb/v6-m/nofp/libc_nano.a(lib_a-readr.o)
                0x000000000001ff58                _read_r
 .text._fstat_r
                0x000000000001ff80       0x24 /home/engi/.arm-none-eabi-gcc/gcc-arm-none-eabi-9-2019-q4-major/bin/../lib/gcc/arm-none-eabi/9.2.1/../../../../arm-none-eabi/lib/thumb/v6-m/nofp/libc_nano.a(lib_a-fstatr.o)
                0x000000000001ff80                _fstat_r
 .text._isatty_r
                0x000000000001ffa4       0x24 /home/engi/.arm-none-eabi-gcc/gcc-arm-none-eabi-9-2019-q4-major/bin/../lib/gcc/arm-none-eabi/9.2.1/../../../../arm-none-eabi/lib/thumb/v6-m/nofp/libc_nano.a(lib_a-isattyr.o)
                0x000000000001ffa4                _isatty_r
 .text          0x000000000001ffc8       0x14 /home/engi/.arm-none-eabi-gcc/gcc-arm-none-eabi-9-2019-q4-major/bin/../lib/gcc/arm-none-eabi/9.2.1/thumb/v6-m/nofp/libgcc.a(_thumb1_case_shi.o)
                0x000000000001ffc8                __gnu_thumb1_case_shi
 .text._close   0x000000000001ffdc       0x10 /home/engi/.arm-none-eabi-gcc/gcc-arm-none-eabi-9-2019-q4-major/bin/../lib/gcc/arm-none-eabi/9.2.1/../../../../arm-none-eabi/lib/thumb/v6-m/nofp/libnosys.a(close.o)
                0x000000000001ffdc                _close
 .text._fstat   0x000000000001ffec       0x10 /home/engi/.arm-none-eabi-gcc/gcc-arm-none-eabi-9-2019-q4-major/bin/../lib/gcc/arm-none-eabi/9.2.1/../../../../arm-none-eabi/lib/thumb/v6-m/nofp/libnosys.a(fstat.o)
                0x000000000001ffec                _fstat
 .text._isatty  0x000000000001fffc       0x10 /home/engi/.arm-none-eabi-gcc/gcc-arm-none-eabi-9-2019-q4-major/bin/../lib/gcc/arm-none-eabi/9.2.1/../../../../arm-none-eabi/lib/thumb/v6-m/nofp/libnosys.a(isatty.o)
                0x000000000001fffc                _isatty
 .text._lseek   0x000000000002000c       0x10 /home/engi/.arm-none-eabi-gcc/gcc-arm-none-eabi-9-2019-q4-major/bin/../lib/gcc/arm-none-eabi/9.2.1/../../../../arm-none-eabi/lib/thumb/v6-m/nofp/libnosys.a(lseek.o)
                0x000000000002000c                _lseek
 .text._sbrk    0x000000000002001c       0x1c /home/engi/.arm-none-eabi-gcc/gcc-arm-none-eabi-9-2019-q4-major/bin/../lib/gcc/arm-none-eabi/9.2.1/../../../../arm-none-eabi/lib/thumb/v6-m/nofp/libnosys.a(sbrk.o)
                0x000000000002001c                _sbrk
 *(.init)
 .init          0x0000000000020038        0x4 /home/engi/.arm-none-eabi-gcc/gcc-arm-none-eabi-9-2019-q4-major/bin/../lib/gcc/arm-none-eabi/9.2.1/thumb/v6-m/nofp/crti.o
                0x0000000000020038                _init
 .init          0x000000000002003c        0x8 /home/engi/.arm-none-eabi-gcc/gcc-arm-none-eabi-9-2019-q4-major/bin/../lib/gcc/arm-none-eabi/9.2.1/thumb/v6-m/nofp/crtn.o
 *(.fini)
 .fini          0x0000000000020044        0x4 /home/engi/.arm-none-eabi-gcc/gcc-arm-none-eabi-9-2019-q4-major/bin/../lib/gcc/arm-none-eabi/9.2.1/thumb/v6-m/nofp/crti.o
                0x0000000000020044                _fini
 .fini          0x0000000000020048        0x8 /home/engi/.arm-none-eabi-gcc/gcc-arm-none-eabi-9-2019-q4-major/bin/../lib/gcc/arm-none-eabi/9.2.1/thumb/v6-m/nofp/crtn.o
 *crtbegin.o(.ctors)
 *crtbegin?.o(.ctors)
 *(EXCLUDE_FILE(*crtend.o *crtend?.o) .ctors)
 *(SORT_BY_NAME(.ctors.*))
 *(.ctors)
 *crtbegin.o(.dtors)
 *crtbegin?.o(.dtors)
 *(EXCLUDE_FILE(*crtend.o *crtend?.o) .dtors)
 *(SORT_BY_NAME(.dtors.*))
 *(.dtors)
 *(.rodata*)
 .rodata._global_impure_ptr
                0x0000000000020050        0x4 /home/engi/.arm-none-eabi-gcc/gcc-arm-none-eabi-9-2019-q4-major/bin/../lib/gcc/arm-none-eabi/9.2.1/../../../../arm-none-eabi/lib/thumb/v6-m/nofp/libc_nano.a(lib_a-impure.o)
                0x0000000000020050                _global_impure_ptr
 .rodata.m_detection_delay_timer_id
                0x0000000000020054        0x4 _build/nrf51422_xxac_app_button.c.o
 .rodata        0x0000000000020058       0x20 _build/nrf51422_xxac_app_uart_fifo.c.o
 .rodata.m_board_btn_list
                0x0000000000020078        0x4 _build/nrf51422_xxac_boards.c.o
 .rodata.m_board_led_list
                0x000000000002007c        0x4 _build/nrf51422_xxac_boards.c.o
 .rodata.leds_timer_handler
                0x0000000000020080       0x60 _build/nrf51422_xxac_bsp.c.o
 .rodata.bsp_indication_set
                0x00000000000200e0       0x60 _build/nrf51422_xxac_bsp.c.o
 .rodata.app_buttons
                0x0000000000020140       0x20 _build/nrf51422_xxac_bsp.c.o
 .rodata.m_alert_timer_id
                0x0000000000020160        0x4 _build/nrf51422_xxac_bsp.c.o
 .rodata.m_button_timer_id
                0x0000000000020164        0x4 _build/nrf51422_xxac_bsp.c.o
 .rodata.m_leds_timer_id
                0x0000000000020168        0x4 _build/nrf51422_xxac_bsp.c.o
 .rodata.ble_nus_c_evt_handler.str1.4
                0x000000000002016c       0x3b _build/nrf51422_xxac_main.c.o
 *fill*         0x00000000000201a7        0x1 
 .rodata.ble_evt_dispatch.str1.4
                0x00000000000201a8       0x50 _build/nrf51422_xxac_main.c.o
 .rodata.ble_evt_dispatch
                0x00000000000201f8       0xac _build/nrf51422_xxac_main.c.o
 .rodata.main.str1.4
                0x00000000000202a4       0x16 _build/nrf51422_xxac_main.c.o
 *fill*         0x00000000000202ba        0x2 
 .rodata        0x00000000000202bc       0x1c _build/nrf51422_xxac_main.c.o
 .rodata.m_connection_param
                0x00000000000202d8        0x8 _build/nrf51422_xxac_main.c.o
 .rodata.m_scan_params
                0x00000000000202e0       0x10 _build/nrf51422_xxac_main.c.o
 .rodata        0x00000000000202f0       0x10 _build/nrf51422_xxac_ble_nus_c.c.o
 .rodata.__sf_fake_stderr
                0x0000000000020300       0x20 /home/engi/.arm-none-eabi-gcc/gcc-arm-none-eabi-9-2019-q4-major/bin/../lib/gcc/arm-none-eabi/9.2.1/../../../../arm-none-eabi/lib/thumb/v6-m/nofp/libc_nano.a(lib_a-findfp.o)
                0x0000000000020300                __sf_fake_stderr
 .rodata.__sf_fake_stdin
                0x0000000000020320       0x20 /home/engi/.arm-none-eabi-gcc/gcc-arm-none-eabi-9-2019-q4-major/bin/../lib/gcc/arm-none-eabi/9.2.1/../../../../arm-none-eabi/lib/thumb/v6-m/nofp/libc_nano.a(lib_a-findfp.o)
                0x0000000000020320                __sf_fake_stdin
 .rodata.__sf_fake_stdout
                0x0000000000020340       0x20 /home/engi/.arm-none-eabi-gcc/gcc-arm-none-eabi-9-2019-q4-major/bin/../lib/gcc/arm-none-eabi/9.2.1/../../../../arm-none-eabi/lib/thumb/v6-m/nofp/libc_nano.a(lib_a-findfp.o)
                0x0000000000020340                __sf_fake_stdout
 .rodata._vfprintf_r.str1.1
                0x0000000000020360       0x11 /home/engi/.arm-none-eabi-gcc/gcc-arm-none-eabi-9-2019-q4-major/bin/../lib/gcc/arm-none-eabi/9.2.1/../../../../arm-none-eabi/lib/thumb/v6-m/nofp/libc_nano.a(lib_a-nano-vfprintf.o)
 .rodata._printf_i.str1.1
                0x0000000000020371       0x22 /home/engi/.arm-none-eabi-gcc/gcc-arm-none-eabi-9-2019-q4-major/bin/../lib/gcc/arm-none-eabi/9.2.1/../../../../arm-none-eabi/lib/thumb/v6-m/nofp/libc_nano.a(lib_a-nano-vfprintf_i.o)
 *(.eh_frame*)
 *fill*         0x0000000000020393        0x1 
 .eh_frame      0x0000000000020394        0x0 /home/engi/.arm-none-eabi-gcc/gcc-arm-none-eabi-9-2019-q4-major/bin/../lib/gcc/arm-none-eabi/9.2.1/thumb/v6-m/nofp/crtbegin.o
 .eh_frame      0x0000000000020394        0x4 /home/engi/.arm-none-eabi-gcc/gcc-arm-none-eabi-9-2019-q4-major/bin/../lib/gcc/arm-none-eabi/9.2.1/thumb/v6-m/nofp/crtend.o

.glue_7         0x0000000000020398        0x0
 .glue_7        0x0000000000020398        0x0 linker stubs

.glue_7t        0x0000000000020398        0x0
 .glue_7t       0x0000000000020398        0x0 linker stubs

.vfp11_veneer   0x0000000000020398        0x0
 .vfp11_veneer  0x0000000000020398        0x0 linker stubs

.v4_bx          0x0000000000020398        0x0
 .v4_bx         0x0000000000020398        0x0 linker stubs

.iplt           0x0000000000020398        0x0
 .iplt          0x0000000000020398        0x0 /home/engi/.arm-none-eabi-gcc/gcc-arm-none-eabi-9-2019-q4-major/bin/../lib/gcc/arm-none-eabi/9.2.1/thumb/v6-m/nofp/crtbegin.o

.ARM.extab
 *(.ARM.extab* .gnu.linkonce.armextab.*)
                0x0000000000020398                __exidx_start = .

.ARM.exidx      0x0000000000020398        0x8
 *(.ARM.exidx* .gnu.linkonce.armexidx.*)
 .ARM.exidx     0x0000000000020398        0x8 /home/engi/.arm-none-eabi-gcc/gcc-arm-none-eabi-9-2019-q4-major/bin/../lib/gcc/arm-none-eabi/9.2.1/../../../../arm-none-eabi/lib/thumb/v6-m/nofp/crt0.o
                0x00000000000203a0                __exidx_end = .
                0x00000000000203a0                __etext = .

.rel.dyn        0x00000000000203a0        0x0
 .rel.iplt      0x00000000000203a0        0x0 /home/engi/.arm-none-eabi-gcc/gcc-arm-none-eabi-9-2019-q4-major/bin/../lib/gcc/arm-none-eabi/9.2.1/thumb/v6-m/nofp/crtbegin.o

.data           0x0000000020001eb0       0x78 load address 0x00000000000203a0
                0x0000000020001eb0                __data_start__ = .
 *(vtable)
 *(.data*)
 .data._impure_ptr
                0x0000000020001eb0        0x4 /home/engi/.arm-none-eabi-gcc/gcc-arm-none-eabi-9-2019-q4-major/bin/../lib/gcc/arm-none-eabi/9.2.1/../../../../arm-none-eabi/lib/thumb/v6-m/nofp/libc_nano.a(lib_a-impure.o)
                0x0000000020001eb0                _impure_ptr
 .data.impure_data
                0x0000000020001eb4       0x60 /home/engi/.arm-none-eabi-gcc/gcc-arm-none-eabi-9-2019-q4-major/bin/../lib/gcc/arm-none-eabi/9.2.1/../../../../arm-none-eabi/lib/thumb/v6-m/nofp/libc_nano.a(lib_a-impure.o)
 .data.app_uart_inst
                0x0000000020001f14        0x8 _build/nrf51422_xxac_app_uart_fifo.c.o
 .data.SystemCoreClock
                0x0000000020001f1c        0x4 _build/nrf51422_xxac_system_nrf51.c.o
                0x0000000020001f1c                SystemCoreClock
                0x0000000020001f20                . = ALIGN (0x4)
                0x0000000020001f20                PROVIDE (__preinit_array_start = .)
 *(.preinit_array)
                0x0000000020001f20                PROVIDE (__preinit_array_end = .)
                0x0000000020001f20                . = ALIGN (0x4)
                0x0000000020001f20                PROVIDE (__init_array_start = .)
 *(SORT_BY_NAME(.init_array.*))
 *(.init_array)
 .init_array    0x0000000020001f20        0x4 /home/engi/.arm-none-eabi-gcc/gcc-arm-none-eabi-9-2019-q4-major/bin/../lib/gcc/arm-none-eabi/9.2.1/thumb/v6-m/nofp/crtbegin.o
                0x0000000020001f24                PROVIDE (__init_array_end = .)
                0x0000000020001f24                . = ALIGN (0x4)
                [!provide]                        PROVIDE (__fini_array_start = .)
 *(SORT_BY_NAME(.fini_array.*))
 *(.fini_array)
 .fini_array    0x0000000020001f24        0x4 /home/engi/.arm-none-eabi-gcc/gcc-arm-none-eabi-9-2019-q4-major/bin/../lib/gcc/arm-none-eabi/9.2.1/thumb/v6-m/nofp/crtbegin.o
                [!provide]                        PROVIDE (__fini_array_end = .)
 *(.jcr*)
                0x0000000020001f28                . = ALIGN (0x4)
                0x0000000020001f28                __data_end__ = .
LOAD /home/engi/.arm-none-eabi-gcc/gcc-arm-none-eabi-9-2019-q4-major/bin/../lib/gcc/arm-none-eabi/9.2.1/thumb/v6-m/nofp/crti.o
LOAD /home/engi/.arm-none-eabi-gcc/gcc-arm-none-eabi-9-2019-q4-major/bin/../lib/gcc/arm-none-eabi/9.2.1/thumb/v6-m/nofp/crtbegin.o
LOAD /home/engi/.arm-none-eabi-gcc/gcc-arm-none-eabi-9-2019-q4-major/bin/../lib/gcc/arm-none-eabi/9.2.1/../../../../arm-none-eabi/lib/thumb/v6-m/nofp/crt0.o
LOAD /home/engi/.arm-none-eabi-gcc/gcc-arm-none-eabi-9-2019-q4-major/bin/../lib/gcc/arm-none-eabi/9.2.1/../../../../arm-none-eabi/lib/thumb/v6-m/nofp/libc_nano.a
LOAD /home/engi/.arm-none-eabi-gcc/gcc-arm-none-eabi-9-2019-q4-major/bin/../lib/gcc/arm-none-eabi/9.2.1/../../../../arm-none-eabi/lib/thumb/v6-m/nofp/libnosys.a
LOAD _build/nrf51422_xxac_nrf_log_backend_serial.c.o
LOAD _build/nrf51422_xxac_nrf_log_frontend.c.o
LOAD _build/nrf51422_xxac_app_button.c.o
LOAD _build/nrf51422_xxac_app_error.c.o
LOAD _build/nrf51422_xxac_app_error_weak.c.o
LOAD _build/nrf51422_xxac_app_fifo.c.o
LOAD _build/nrf51422_xxac_app_timer.c.o
LOAD _build/nrf51422_xxac_app_uart_fifo.c.o
LOAD _build/nrf51422_xxac_app_util_platform.c.o
LOAD _build/nrf51422_xxac_hardfault_implementation.c.o
LOAD _build/nrf51422_xxac_nrf_assert.c.o
LOAD _build/nrf51422_xxac_retarget.c.o
LOAD _build/nrf51422_xxac_sdk_errors.c.o
LOAD _build/nrf51422_xxac_boards.c.o
LOAD _build/nrf51422_xxac_nrf_drv_clock.c.o
LOAD _build/nrf51422_xxac_nrf_drv_common.c.o
LOAD _build/nrf51422_xxac_nrf_drv_gpiote.c.o
LOAD _build/nrf51422_xxac_nrf_drv_uart.c.o
LOAD _build/nrf51422_xxac_bsp.c.o
LOAD _build/nrf51422_xxac_bsp_btn_ble.c.o
LOAD _build/nrf51422_xxac_bsp_nfc.c.o
LOAD _build/nrf51422_xxac_main.c.o
LOAD _build/nrf51422_xxac_RTT_Syscalls_GCC.c.o
LOAD _build/nrf51422_xxac_SEGGER_RTT.c.o
LOAD _build/nrf51422_xxac_SEGGER_RTT_printf.c.o
LOAD _build/nrf51422_xxac_ble_advdata.c.o
LOAD _build/nrf51422_xxac_ble_conn_params.c.o
LOAD _build/nrf51422_xxac_ble_db_discovery.c.o
LOAD _build/nrf51422_xxac_ble_srv_common.c.o
LOAD _build/nrf51422_xxac_gcc_startup_nrf51.S.o
LOAD _build/nrf51422_xxac_system_nrf51.c.o
LOAD _build/nrf51422_xxac_ble_nus_c.c.o
LOAD _build/nrf51422_xxac_softdevice_handler.c.o
LOAD /home/engi/.arm-none-eabi-gcc/gcc-arm-none-eabi-9-2019-q4-major/bin/../lib/gcc/arm-none-eabi/9.2.1/../../../../arm-none-eabi/lib/thumb/v6-m/nofp/libm.a
START GROUP
LOAD /home/engi/.arm-none-eabi-gcc/gcc-arm-none-eabi-9-2019-q4-major/bin/../lib/gcc/arm-none-eabi/9.2.1/thumb/v6-m/nofp/libgcc.a
LOAD /home/engi/.arm-none-eabi-gcc/gcc-arm-none-eabi-9-2019-q4-major/bin/../lib/gcc/arm-none-eabi/9.2.1/../../../../arm-none-eabi/lib/thumb/v6-m/nofp/libc_nano.a
END GROUP
START GROUP
LOAD /home/engi/.arm-none-eabi-gcc/gcc-arm-none-eabi-9-2019-q4-major/bin/../lib/gcc/arm-none-eabi/9.2.1/thumb/v6-m/nofp/libgcc.a
LOAD /home/engi/.arm-none-eabi-gcc/gcc-arm-none-eabi-9-2019-q4-major/bin/../lib/gcc/arm-none-eabi/9.2.1/../../../../arm-none-eabi/lib/thumb/v6-m/nofp/libc_nano.a
END GROUP
LOAD /home/engi/.arm-none-eabi-gcc/gcc-arm-none-eabi-9-2019-q4-major/bin/../lib/gcc/arm-none-eabi/9.2.1/thumb/v6-m/nofp/crtend.o
LOAD /home/engi/.arm-none-eabi-gcc/gcc-arm-none-eabi-9-2019-q4-major/bin/../lib/gcc/arm-none-eabi/9.2.1/thumb/v6-m/nofp/crtn.o
START GROUP
LOAD /home/engi/.arm-none-eabi-gcc/gcc-arm-none-eabi-9-2019-q4-major/bin/../lib/gcc/arm-none-eabi/9.2.1/thumb/v6-m/nofp/libgcc.a
LOAD /home/engi/.arm-none-eabi-gcc/gcc-arm-none-eabi-9-2019-q4-major/bin/../lib/gcc/arm-none-eabi/9.2.1/../../../../arm-none-eabi/lib/thumb/v6-m/nofp/libc.a
LOAD /home/engi/.arm-none-eabi-gcc/gcc-arm-none-eabi-9-2019-q4-major/bin/../lib/gcc/arm-none-eabi/9.2.1/../../../../arm-none-eabi/lib/thumb/v6-m/nofp/libnosys.a
END GROUP

.igot.plt       0x0000000020001f28        0x0 load address 0x0000000000020418
 .igot.plt      0x0000000020001f28        0x0 /home/engi/.arm-none-eabi-gcc/gcc-arm-none-eabi-9-2019-q4-major/bin/../lib/gcc/arm-none-eabi/9.2.1/thumb/v6-m/nofp/crtbegin.o

.fs_data        0x0000000020001f28        0x0
                [!provide]                        PROVIDE (__start_fs_data = .)
 *(.fs_data)
                [!provide]                        PROVIDE (__stop_fs_data = .)

.pwr_mgmt_data  0x0000000020001f28        0x0
                [!provide]                        PROVIDE (__start_pwr_mgmt_data = .)
 *(.pwr_mgmt_data)
                [!provide]                        PROVIDE (__stop_pwr_mgmt_data = .)

.bss            0x0000000020001f28      0x9b0 load address 0x0000000000020418
                0x0000000020001f28                . = ALIGN (0x4)
                0x0000000020001f28                __bss_start__ = .
 *(.bss*)
 .bss           0x0000000020001f28       0x1c /home/engi/.arm-none-eabi-gcc/gcc-arm-none-eabi-9-2019-q4-major/bin/../lib/gcc/arm-none-eabi/9.2.1/thumb/v6-m/nofp/crtbegin.o
 .bss.m_button_count
                0x0000000020001f44        0x1 _build/nrf51422_xxac_app_button.c.o
 *fill*         0x0000000020001f45        0x3 
 .bss.m_detection_delay
                0x0000000020001f48        0x4 _build/nrf51422_xxac_app_button.c.o
 .bss.m_detection_delay_timer_id_data
                0x0000000020001f4c       0x20 _build/nrf51422_xxac_app_button.c.o
 .bss.m_pin_state
                0x0000000020001f6c        0x4 _build/nrf51422_xxac_app_button.c.o
 .bss.m_pin_transition
                0x0000000020001f70        0x4 _build/nrf51422_xxac_app_button.c.o
 .bss.mp_buttons
                0x0000000020001f74        0x4 _build/nrf51422_xxac_app_button.c.o
 .bss.m_evt_schedule_func
                0x0000000020001f78        0x4 _build/nrf51422_xxac_app_timer.c.o
 .bss.m_op_queue
                0x0000000020001f7c        0x8 _build/nrf51422_xxac_app_timer.c.o
 .bss.m_rtc1_reset
                0x0000000020001f84        0x1 _build/nrf51422_xxac_app_timer.c.o
 .bss.m_rtc1_running
                0x0000000020001f85        0x1 _build/nrf51422_xxac_app_timer.c.o
 *fill*         0x0000000020001f86        0x2 
 .bss.m_ticks_elapsed
                0x0000000020001f88        0x8 _build/nrf51422_xxac_app_timer.c.o
 .bss.m_ticks_elapsed_q_read_ind
                0x0000000020001f90        0x1 _build/nrf51422_xxac_app_timer.c.o
 .bss.m_ticks_elapsed_q_write_ind
                0x0000000020001f91        0x1 _build/nrf51422_xxac_app_timer.c.o
 *fill*         0x0000000020001f92        0x2 
 .bss.m_ticks_latest
                0x0000000020001f94        0x4 _build/nrf51422_xxac_app_timer.c.o
 .bss.mp_timer_id_head
                0x0000000020001f98        0x4 _build/nrf51422_xxac_app_timer.c.o
 .bss.m_event_handler
                0x0000000020001f9c        0x4 _build/nrf51422_xxac_app_uart_fifo.c.o
 .bss.m_rx_fifo
                0x0000000020001fa0       0x10 _build/nrf51422_xxac_app_uart_fifo.c.o
 .bss.m_rx_ovf  0x0000000020001fb0        0x1 _build/nrf51422_xxac_app_uart_fifo.c.o
 *fill*         0x0000000020001fb1        0x3 
 .bss.m_tx_fifo
                0x0000000020001fb4       0x10 _build/nrf51422_xxac_app_uart_fifo.c.o
 .bss.rx_buffer
                0x0000000020001fc4        0x1 _build/nrf51422_xxac_app_uart_fifo.c.o
 *fill*         0x0000000020001fc5        0x3 
 .bss.tx_buffer
                0x0000000020001fc8        0x1 _build/nrf51422_xxac_app_uart_fifo.c.o
 *fill*         0x0000000020001fc9        0x3 
 .bss.m_clock_cb
                0x0000000020001fcc       0x14 _build/nrf51422_xxac_nrf_drv_clock.c.o
 .bss.m_cb      0x0000000020001fe0       0x48 _build/nrf51422_xxac_nrf_drv_gpiote.c.o
 .bss.m_cb      0x0000000020002028       0x1c _build/nrf51422_xxac_nrf_drv_uart.c.o
 .bss.current_long_push_pin_no.6112
                0x0000000020002044        0x1 _build/nrf51422_xxac_bsp.c.o
 *fill*         0x0000000020002045        0x3 
 .bss.m_alert_timer_id_data
                0x0000000020002048       0x20 _build/nrf51422_xxac_bsp.c.o
 .bss.m_app_ticks_per_100ms
                0x0000000020002068        0x4 _build/nrf51422_xxac_bsp.c.o
 .bss.m_button_timer_id_data
                0x000000002000206c       0x20 _build/nrf51422_xxac_bsp.c.o
 .bss.m_events_list
                0x000000002000208c        0xc _build/nrf51422_xxac_bsp.c.o
 .bss.m_indication_type
                0x0000000020002098        0x4 _build/nrf51422_xxac_bsp.c.o
 .bss.m_leds_clear
                0x000000002000209c        0x1 _build/nrf51422_xxac_bsp.c.o
 *fill*         0x000000002000209d        0x3 
 .bss.m_leds_timer_id_data
                0x00000000200020a0       0x20 _build/nrf51422_xxac_bsp.c.o
 .bss.m_registered_callback
                0x00000000200020c0        0x4 _build/nrf51422_xxac_bsp.c.o
 .bss.m_stable_state
                0x00000000200020c4        0x1 _build/nrf51422_xxac_bsp.c.o
 *fill*         0x00000000200020c5        0x3 
 .bss.release_event_at_push.6113
                0x00000000200020c8        0x4 _build/nrf51422_xxac_bsp.c.o
 .bss.m_error_handler
                0x00000000200020cc        0x4 _build/nrf51422_xxac_bsp_btn_ble.c.o
 .bss.m_num_connections
                0x00000000200020d0        0x4 _build/nrf51422_xxac_bsp_btn_ble.c.o
 .bss.APP_TIMER_BUF.8100
                0x00000000200020d4       0x48 _build/nrf51422_xxac_main.c.o
 .bss.BLE_EVT_BUFFER.8049
                0x000000002000211c       0x48 _build/nrf51422_xxac_main.c.o
 .bss.data_array.7963
                0x0000000020002164       0x14 _build/nrf51422_xxac_main.c.o
 .bss.index.7964
                0x0000000020002178        0x1 _build/nrf51422_xxac_main.c.o
 *fill*         0x0000000020002179        0x3 
 .bss.m_ble_db_discovery
                0x000000002000217c      0x260 _build/nrf51422_xxac_main.c.o
 .bss.m_ble_nus_c
                0x00000000200023dc       0x10 _build/nrf51422_xxac_main.c.o
 .bss.rx_buf.8071
                0x00000000200023ec      0x100 _build/nrf51422_xxac_main.c.o
 .bss.tx_buf.8072
                0x00000000200024ec      0x100 _build/nrf51422_xxac_main.c.o
 .bss.m_evt_handler
                0x00000000200025ec        0x4 _build/nrf51422_xxac_ble_db_discovery.c.o
 .bss.m_initialized
                0x00000000200025f0        0x1 _build/nrf51422_xxac_ble_db_discovery.c.o
 *fill*         0x00000000200025f1        0x3 
 .bss.m_num_of_handlers_reg
                0x00000000200025f4        0x4 _build/nrf51422_xxac_ble_db_discovery.c.o
 .bss.m_pending_user_evts
                0x00000000200025f8      0x288 _build/nrf51422_xxac_ble_db_discovery.c.o
 .bss.m_pending_usr_evt_index
                0x0000000020002880        0x4 _build/nrf51422_xxac_ble_db_discovery.c.o
 .bss.m_registered_handlers
                0x0000000020002884       0x18 _build/nrf51422_xxac_ble_db_discovery.c.o
 .bss.m_ble_evt_buffer_size
                0x000000002000289c        0x2 _build/nrf51422_xxac_softdevice_handler.c.o
 *fill*         0x000000002000289e        0x2 
 .bss.m_ble_evt_handler
                0x00000000200028a0        0x4 _build/nrf51422_xxac_softdevice_handler.c.o
 .bss.m_evt_schedule_func
                0x00000000200028a4        0x4 _build/nrf51422_xxac_softdevice_handler.c.o
 .bss.m_softdevice_enabled
                0x00000000200028a8        0x1 _build/nrf51422_xxac_softdevice_handler.c.o
 .bss.m_suspended
                0x00000000200028a9        0x1 _build/nrf51422_xxac_softdevice_handler.c.o
 *fill*         0x00000000200028aa        0x2 
 .bss.m_sys_evt_handler
                0x00000000200028ac        0x4 _build/nrf51422_xxac_softdevice_handler.c.o
 .bss.mp_ble_evt_buffer
                0x00000000200028b0        0x4 _build/nrf51422_xxac_softdevice_handler.c.o
 .bss.__malloc_free_list
                0x00000000200028b4        0x4 /home/engi/.arm-none-eabi-gcc/gcc-arm-none-eabi-9-2019-q4-major/bin/../lib/gcc/arm-none-eabi/9.2.1/../../../../arm-none-eabi/lib/thumb/v6-m/nofp/libc_nano.a(lib_a-nano-mallocr.o)
                0x00000000200028b4                __malloc_free_list
 .bss.__malloc_sbrk_start
                0x00000000200028b8        0x4 /home/engi/.arm-none-eabi-gcc/gcc-arm-none-eabi-9-2019-q4-major/bin/../lib/gcc/arm-none-eabi/9.2.1/../../../../arm-none-eabi/lib/thumb/v6-m/nofp/libc_nano.a(lib_a-nano-mallocr.o)
                0x00000000200028b8                __malloc_sbrk_start
 .bss.heap_end.4144
                0x00000000200028bc        0x4 /home/engi/.arm-none-eabi-gcc/gcc-arm-none-eabi-9-2019-q4-major/bin/../lib/gcc/arm-none-eabi/9.2.1/../../../../arm-none-eabi/lib/thumb/v6-m/nofp/libnosys.a(sbrk.o)
 *(COMMON)
 COMMON         0x00000000200028c0        0x8 _build/nrf51422_xxac_app_util_platform.c.o
                0x00000000200028c0                nrf_nvic_state
 COMMON         0x00000000200028c8        0x9 /home/engi/.arm-none-eabi-gcc/gcc-arm-none-eabi-9-2019-q4-major/bin/../lib/gcc/arm-none-eabi/9.2.1/../../../../arm-none-eabi/lib/thumb/v6-m/nofp/libc_nano.a(lib_a-lock.o)
                0x00000000200028c8                __lock___atexit_recursive_mutex
                0x00000000200028c9                __lock___arc4random_mutex
                0x00000000200028ca                __lock___env_recursive_mutex
                0x00000000200028cb                __lock___sinit_recursive_mutex
                0x00000000200028cc                __lock___malloc_recursive_mutex
                0x00000000200028cd                __lock___at_quick_exit_mutex
                0x00000000200028ce                __lock___dd_hash_mutex
                0x00000000200028cf                __lock___tz_mutex
                0x00000000200028d0                __lock___sfp_recursive_mutex
 *fill*         0x00000000200028d1        0x3 
 COMMON         0x00000000200028d4        0x4 /home/engi/.arm-none-eabi-gcc/gcc-arm-none-eabi-9-2019-q4-major/bin/../lib/gcc/arm-none-eabi/9.2.1/../../../../arm-none-eabi/lib/thumb/v6-m/nofp/libc_nano.a(lib_a-reent.o)
                0x00000000200028d4                errno
                0x00000000200028d8                . = ALIGN (0x4)
                0x00000000200028d8                __bss_end__ = .

.heap           0x00000000200028d8        0x0
                0x00000000200028d8                __HeapBase = .
                0x00000000200028d8                __end__ = .
                0x00000000200028d8                PROVIDE (end = .)
 *(.heap*)
 .heap          0x00000000200028d8        0x0 _build/nrf51422_xxac_gcc_startup_nrf51.S.o
                0x00000000200028d8                __HeapLimit = .

.stack_dummy    0x00000000200028d8      0x800
 *(.stack*)
 .stack         0x00000000200028d8      0x800 _build/nrf51422_xxac_gcc_startup_nrf51.S.o
                0x0000000020008000                __StackTop = (ORIGIN (RAM) + LENGTH (RAM))
                0x0000000020007800                __StackLimit = (__StackTop - SIZEOF (.stack_dummy))
                0x0000000020008000                PROVIDE (__stack = __StackTop)
                0x0000000000000001                ASSERT ((__StackLimit >= __HeapLimit), region RAM overflowed with stack)
OUTPUT(_build/nrf51422_xxac.out elf32-littlearm)

.ARM.attributes
                0x0000000000000000       0x28
 .ARM.attributes
                0x0000000000000000       0x1e /home/engi/.arm-none-eabi-gcc/gcc-arm-none-eabi-9-2019-q4-major/bin/../lib/gcc/arm-none-eabi/9.2.1/thumb/v6-m/nofp/crti.o
 .ARM.attributes
                0x000000000000001e       0x2c /home/engi/.arm-none-eabi-gcc/gcc-arm-none-eabi-9-2019-q4-major/bin/../lib/gcc/arm-none-eabi/9.2.1/thumb/v6-m/nofp/crtbegin.o
 .ARM.attributes
                0x000000000000004a       0x1b /home/engi/.arm-none-eabi-gcc/gcc-arm-none-eabi-9-2019-q4-major/bin/../lib/gcc/arm-none-eabi/9.2.1/../../../../arm-none-eabi/lib/thumb/v6-m/nofp/crt0.o
 .ARM.attributes
                0x0000000000000065       0x2c /home/engi/.arm-none-eabi-gcc/gcc-arm-none-eabi-9-2019-q4-major/bin/../lib/gcc/arm-none-eabi/9.2.1/../../../../arm-none-eabi/lib/thumb/v6-m/nofp/libc_nano.a(lib_a-exit.o)
 .ARM.attributes
                0x0000000000000091       0x2c /home/engi/.arm-none-eabi-gcc/gcc-arm-none-eabi-9-2019-q4-major/bin/../lib/gcc/arm-none-eabi/9.2.1/../../../../arm-none-eabi/lib/thumb/v6-m/nofp/libc_nano.a(lib_a-impure.o)
 .ARM.attributes
                0x00000000000000bd       0x2c /home/engi/.arm-none-eabi-gcc/gcc-arm-none-eabi-9-2019-q4-major/bin/../lib/gcc/arm-none-eabi/9.2.1/../../../../arm-none-eabi/lib/thumb/v6-m/nofp/libc_nano.a(lib_a-init.o)
 .ARM.attributes
                0x00000000000000e9       0x2c /home/engi/.arm-none-eabi-gcc/gcc-arm-none-eabi-9-2019-q4-major/bin/../lib/gcc/arm-none-eabi/9.2.1/../../../../arm-none-eabi/lib/thumb/v6-m/nofp/libc_nano.a(lib_a-memset.o)
 .ARM.attributes
                0x0000000000000115       0x2c /home/engi/.arm-none-eabi-gcc/gcc-arm-none-eabi-9-2019-q4-major/bin/../lib/gcc/arm-none-eabi/9.2.1/../../../../arm-none-eabi/lib/thumb/v6-m/nofp/libnosys.a(_exit.o)
 .ARM.attributes
                0x0000000000000141       0x2c _build/nrf51422_xxac_app_button.c.o
 .ARM.attributes
                0x000000000000016d       0x2c _build/nrf51422_xxac_app_error.c.o
 .ARM.attributes
                0x0000000000000199       0x2c _build/nrf51422_xxac_app_error_weak.c.o
 .ARM.attributes
                0x00000000000001c5       0x2c _build/nrf51422_xxac_app_fifo.c.o
 .ARM.attributes
                0x00000000000001f1       0x2c _build/nrf51422_xxac_app_timer.c.o
 .ARM.attributes
                0x000000000000021d       0x2c _build/nrf51422_xxac_app_uart_fifo.c.o
 .ARM.attributes
                0x0000000000000249       0x2c _build/nrf51422_xxac_app_util_platform.c.o
 .ARM.attributes
                0x0000000000000275       0x2c _build/nrf51422_xxac_retarget.c.o
 .ARM.attributes
                0x00000000000002a1       0x2c _build/nrf51422_xxac_boards.c.o
 .ARM.attributes
                0x00000000000002cd       0x2c _build/nrf51422_xxac_nrf_drv_clock.c.o
 .ARM.attributes
                0x00000000000002f9       0x2c _build/nrf51422_xxac_nrf_drv_common.c.o
 .ARM.attributes
                0x0000000000000325       0x2c _build/nrf51422_xxac_nrf_drv_gpiote.c.o
 .ARM.attributes
                0x0000000000000351       0x2c _build/nrf51422_xxac_nrf_drv_uart.c.o
 .ARM.attributes
                0x000000000000037d       0x2c _build/nrf51422_xxac_bsp.c.o
 .ARM.attributes
                0x00000000000003a9       0x2c _build/nrf51422_xxac_bsp_btn_ble.c.o
 .ARM.attributes
                0x00000000000003d5       0x2c _build/nrf51422_xxac_main.c.o
 .ARM.attributes
                0x0000000000000401       0x2c _build/nrf51422_xxac_ble_db_discovery.c.o
 .ARM.attributes
                0x000000000000042d       0x1b _build/nrf51422_xxac_gcc_startup_nrf51.S.o
 .ARM.attributes
                0x0000000000000448       0x2c _build/nrf51422_xxac_system_nrf51.c.o
 .ARM.attributes
                0x0000000000000474       0x2c _build/nrf51422_xxac_ble_nus_c.c.o
 .ARM.attributes
                0x00000000000004a0       0x2c _build/nrf51422_xxac_softdevice_handler.c.o
 .ARM.attributes
                0x00000000000004cc       0x1e /home/engi/.arm-none-eabi-gcc/gcc-arm-none-eabi-9-2019-q4-major/bin/../lib/gcc/arm-none-eabi/9.2.1/thumb/v6-m/nofp/libgcc.a(_udivsi3.o)
 .ARM.attributes
                0x00000000000004ea       0x1e /home/engi/.arm-none-eabi-gcc/gcc-arm-none-eabi-9-2019-q4-major/bin/../lib/gcc/arm-none-eabi/9.2.1/thumb/v6-m/nofp/libgcc.a(_dvmd_tls.o)
 .ARM.attributes
                0x0000000000000508       0x2c /home/engi/.arm-none-eabi-gcc/gcc-arm-none-eabi-9-2019-q4-major/bin/../lib/gcc/arm-none-eabi/9.2.1/../../../../arm-none-eabi/lib/thumb/v6-m/nofp/libc_nano.a(lib_a-memcpy-stub.o)
 .ARM.attributes
                0x0000000000000534       0x2c /home/engi/.arm-none-eabi-gcc/gcc-arm-none-eabi-9-2019-q4-major/bin/../lib/gcc/arm-none-eabi/9.2.1/../../../../arm-none-eabi/lib/thumb/v6-m/nofp/libc_nano.a(lib_a-printf.o)
 .ARM.attributes
                0x0000000000000560       0x2c /home/engi/.arm-none-eabi-gcc/gcc-arm-none-eabi-9-2019-q4-major/bin/../lib/gcc/arm-none-eabi/9.2.1/../../../../arm-none-eabi/lib/thumb/v6-m/nofp/libc_nano.a(lib_a-findfp.o)
 .ARM.attributes
                0x000000000000058c       0x2c /home/engi/.arm-none-eabi-gcc/gcc-arm-none-eabi-9-2019-q4-major/bin/../lib/gcc/arm-none-eabi/9.2.1/../../../../arm-none-eabi/lib/thumb/v6-m/nofp/libc_nano.a(lib_a-fwalk.o)
 .ARM.attributes
                0x00000000000005b8       0x2c /home/engi/.arm-none-eabi-gcc/gcc-arm-none-eabi-9-2019-q4-major/bin/../lib/gcc/arm-none-eabi/9.2.1/../../../../arm-none-eabi/lib/thumb/v6-m/nofp/libc_nano.a(lib_a-lock.o)
 .ARM.attributes
                0x00000000000005e4       0x2c /home/engi/.arm-none-eabi-gcc/gcc-arm-none-eabi-9-2019-q4-major/bin/../lib/gcc/arm-none-eabi/9.2.1/../../../../arm-none-eabi/lib/thumb/v6-m/nofp/libc_nano.a(lib_a-nano-mallocr.o)
 .ARM.attributes
                0x0000000000000610       0x2c /home/engi/.arm-none-eabi-gcc/gcc-arm-none-eabi-9-2019-q4-major/bin/../lib/gcc/arm-none-eabi/9.2.1/../../../../arm-none-eabi/lib/thumb/v6-m/nofp/libc_nano.a(lib_a-nano-vfprintf.o)
 .ARM.attributes
                0x000000000000063c       0x2c /home/engi/.arm-none-eabi-gcc/gcc-arm-none-eabi-9-2019-q4-major/bin/../lib/gcc/arm-none-eabi/9.2.1/../../../../arm-none-eabi/lib/thumb/v6-m/nofp/libc_nano.a(lib_a-nano-vfprintf_i.o)
 .ARM.attributes
                0x0000000000000668       0x2c /home/engi/.arm-none-eabi-gcc/gcc-arm-none-eabi-9-2019-q4-major/bin/../lib/gcc/arm-none-eabi/9.2.1/../../../../arm-none-eabi/lib/thumb/v6-m/nofp/libc_nano.a(lib_a-sbrkr.o)
 .ARM.attributes
                0x0000000000000694       0x2c /home/engi/.arm-none-eabi-gcc/gcc-arm-none-eabi-9-2019-q4-major/bin/../lib/gcc/arm-none-eabi/9.2.1/../../../../arm-none-eabi/lib/thumb/v6-m/nofp/libc_nano.a(lib_a-stdio.o)
 .ARM.attributes
                0x00000000000006c0       0x2c /home/engi/.arm-none-eabi-gcc/gcc-arm-none-eabi-9-2019-q4-major/bin/../lib/gcc/arm-none-eabi/9.2.1/../../../../arm-none-eabi/lib/thumb/v6-m/nofp/libc_nano.a(lib_a-wbuf.o)
 .ARM.attributes
                0x00000000000006ec       0x2c /home/engi/.arm-none-eabi-gcc/gcc-arm-none-eabi-9-2019-q4-major/bin/../lib/gcc/arm-none-eabi/9.2.1/../../../../arm-none-eabi/lib/thumb/v6-m/nofp/libc_nano.a(lib_a-writer.o)
 .ARM.attributes
                0x0000000000000718       0x2c /home/engi/.arm-none-eabi-gcc/gcc-arm-none-eabi-9-2019-q4-major/bin/../lib/gcc/arm-none-eabi/9.2.1/../../../../arm-none-eabi/lib/thumb/v6-m/nofp/libc_nano.a(lib_a-wsetup.o)
 .ARM.attributes
                0x0000000000000744       0x2c /home/engi/.arm-none-eabi-gcc/gcc-arm-none-eabi-9-2019-q4-major/bin/../lib/gcc/arm-none-eabi/9.2.1/../../../../arm-none-eabi/lib/thumb/v6-m/nofp/libc_nano.a(lib_a-closer.o)
 .ARM.attributes
                0x0000000000000770       0x2c /home/engi/.arm-none-eabi-gcc/gcc-arm-none-eabi-9-2019-q4-major/bin/../lib/gcc/arm-none-eabi/9.2.1/../../../../arm-none-eabi/lib/thumb/v6-m/nofp/libc_nano.a(lib_a-fflush.o)
 .ARM.attributes
                0x000000000000079c       0x2c /home/engi/.arm-none-eabi-gcc/gcc-arm-none-eabi-9-2019-q4-major/bin/../lib/gcc/arm-none-eabi/9.2.1/../../../../arm-none-eabi/lib/thumb/v6-m/nofp/libc_nano.a(lib_a-lseekr.o)
 .ARM.attributes
                0x00000000000007c8       0x2c /home/engi/.arm-none-eabi-gcc/gcc-arm-none-eabi-9-2019-q4-major/bin/../lib/gcc/arm-none-eabi/9.2.1/../../../../arm-none-eabi/lib/thumb/v6-m/nofp/libc_nano.a(lib_a-makebuf.o)
 .ARM.attributes
                0x00000000000007f4       0x2c /home/engi/.arm-none-eabi-gcc/gcc-arm-none-eabi-9-2019-q4-major/bin/../lib/gcc/arm-none-eabi/9.2.1/../../../../arm-none-eabi/lib/thumb/v6-m/nofp/libc_nano.a(lib_a-memchr-stub.o)
 .ARM.attributes
                0x0000000000000820       0x2c /home/engi/.arm-none-eabi-gcc/gcc-arm-none-eabi-9-2019-q4-major/bin/../lib/gcc/arm-none-eabi/9.2.1/../../../../arm-none-eabi/lib/thumb/v6-m/nofp/libc_nano.a(lib_a-mlock.o)
 .ARM.attributes
                0x000000000000084c       0x2c /home/engi/.arm-none-eabi-gcc/gcc-arm-none-eabi-9-2019-q4-major/bin/../lib/gcc/arm-none-eabi/9.2.1/../../../../arm-none-eabi/lib/thumb/v6-m/nofp/libc_nano.a(lib_a-nano-freer.o)
 .ARM.attributes
                0x0000000000000878       0x2c /home/engi/.arm-none-eabi-gcc/gcc-arm-none-eabi-9-2019-q4-major/bin/../lib/gcc/arm-none-eabi/9.2.1/../../../../arm-none-eabi/lib/thumb/v6-m/nofp/libc_nano.a(lib_a-readr.o)
 .ARM.attributes
                0x00000000000008a4       0x2c /home/engi/.arm-none-eabi-gcc/gcc-arm-none-eabi-9-2019-q4-major/bin/../lib/gcc/arm-none-eabi/9.2.1/../../../../arm-none-eabi/lib/thumb/v6-m/nofp/libc_nano.a(lib_a-reent.o)
 .ARM.attributes
                0x00000000000008d0       0x2c /home/engi/.arm-none-eabi-gcc/gcc-arm-none-eabi-9-2019-q4-major/bin/../lib/gcc/arm-none-eabi/9.2.1/../../../../arm-none-eabi/lib/thumb/v6-m/nofp/libc_nano.a(lib_a-fstatr.o)
 .ARM.attributes
                0x00000000000008fc       0x2c /home/engi/.arm-none-eabi-gcc/gcc-arm-none-eabi-9-2019-q4-major/bin/../lib/gcc/arm-none-eabi/9.2.1/../../../../arm-none-eabi/lib/thumb/v6-m/nofp/libc_nano.a(lib_a-isattyr.o)
 .ARM.attributes
                0x0000000000000928       0x1e /home/engi/.arm-none-eabi-gcc/gcc-arm-none-eabi-9-2019-q4-major/bin/../lib/gcc/arm-none-eabi/9.2.1/thumb/v6-m/nofp/libgcc.a(_thumb1_case_shi.o)
 .ARM.attributes
                0x0000000000000946       0x2c /home/engi/.arm-none-eabi-gcc/gcc-arm-none-eabi-9-2019-q4-major/bin/../lib/gcc/arm-none-eabi/9.2.1/thumb/v6-m/nofp/crtend.o
 .ARM.attributes
                0x0000000000000972       0x1e /home/engi/.arm-none-eabi-gcc/gcc-arm-none-eabi-9-2019-q4-major/bin/../lib/gcc/arm-none-eabi/9.2.1/thumb/v6-m/nofp/crtn.o
 .ARM.attributes
                0x0000000000000990       0x2c /home/engi/.arm-none-eabi-gcc/gcc-arm-none-eabi-9-2019-q4-major/bin/../lib/gcc/arm-none-eabi/9.2.1/../../../../arm-none-eabi/lib/thumb/v6-m/nofp/libnosys.a(close.o)
 .ARM.attributes
                0x00000000000009bc       0x2c /home/engi/.arm-none-eabi-gcc/gcc-arm-none-eabi-9-2019-q4-major/bin/../lib/gcc/arm-none-eabi/9.2.1/../../../../arm-none-eabi/lib/thumb/v6-m/nofp/libnosys.a(fstat.o)
 .ARM.attributes
                0x00000000000009e8       0x2c /home/engi/.arm-none-eabi-gcc/gcc-arm-none-eabi-9-2019-q4-major/bin/../lib/gcc/arm-none-eabi/9.2.1/../../../../arm-none-eabi/lib/thumb/v6-m/nofp/libnosys.a(isatty.o)
 .ARM.attributes
                0x0000000000000a14       0x2c /home/engi/.arm-none-eabi-gcc/gcc-arm-none-eabi-9-2019-q4-major/bin/../lib/gcc/arm-none-eabi/9.2.1/../../../../arm-none-eabi/lib/thumb/v6-m/nofp/libnosys.a(lseek.o)
 .ARM.attributes
                0x0000000000000a40       0x2c /home/engi/.arm-none-eabi-gcc/gcc-arm-none-eabi-9-2019-q4-major/bin/../lib/gcc/arm-none-eabi/9.2.1/../../../../arm-none-eabi/lib/thumb/v6-m/nofp/libnosys.a(sbrk.o)

.comment        0x0000000000000000       0x79
 .comment       0x0000000000000000       0x79 _build/nrf51422_xxac_app_button.c.o
                                         0x7a (size before relaxing)
 .comment       0x0000000000000079       0x7a _build/nrf51422_xxac_app_error.c.o
 .comment       0x0000000000000079       0x7a _build/nrf51422_xxac_app_error_weak.c.o
 .comment       0x0000000000000079       0x7a _build/nrf51422_xxac_app_fifo.c.o
 .comment       0x0000000000000079       0x7a _build/nrf51422_xxac_app_timer.c.o
 .comment       0x0000000000000079       0x7a _build/nrf51422_xxac_app_uart_fifo.c.o
 .comment       0x0000000000000079       0x7a _build/nrf51422_xxac_app_util_platform.c.o
 .comment       0x0000000000000079       0x7a _build/nrf51422_xxac_retarget.c.o
 .comment       0x0000000000000079       0x7a _build/nrf51422_xxac_boards.c.o
 .comment       0x0000000000000079       0x7a _build/nrf51422_xxac_nrf_drv_clock.c.o
 .comment       0x0000000000000079       0x7a _build/nrf51422_xxac_nrf_drv_common.c.o
 .comment       0x0000000000000079       0x7a _build/nrf51422_xxac_nrf_drv_gpiote.c.o
 .comment       0x0000000000000079       0x7a _build/nrf51422_xxac_nrf_drv_uart.c.o
 .comment       0x0000000000000079       0x7a _build/nrf51422_xxac_bsp.c.o
 .comment       0x0000000000000079       0x7a _build/nrf51422_xxac_bsp_btn_ble.c.o
 .comment       0x0000000000000079       0x7a _build/nrf51422_xxac_main.c.o
 .comment       0x0000000000000079       0x7a _build/nrf51422_xxac_ble_db_discovery.c.o
 .comment       0x0000000000000079       0x7a _build/nrf51422_xxac_system_nrf51.c.o
 .comment       0x0000000000000079       0x7a _build/nrf51422_xxac_ble_nus_c.c.o
 .comment       0x0000000000000079       0x7a _build/nrf51422_xxac_softdevice_handler.c.o

.debug_frame    0x0000000000000000     0x1ad0
 .debug_frame   0x0000000000000000       0x28 /home/engi/.arm-none-eabi-gcc/gcc-arm-none-eabi-9-2019-q4-major/bin/../lib/gcc/arm-none-eabi/9.2.1/../../../../arm-none-eabi/lib/thumb/v6-m/nofp/libc_nano.a(lib_a-exit.o)
 .debug_frame   0x0000000000000028       0x2c /home/engi/.arm-none-eabi-gcc/gcc-arm-none-eabi-9-2019-q4-major/bin/../lib/gcc/arm-none-eabi/9.2.1/../../../../arm-none-eabi/lib/thumb/v6-m/nofp/libc_nano.a(lib_a-init.o)
 .debug_frame   0x0000000000000054       0x20 /home/engi/.arm-none-eabi-gcc/gcc-arm-none-eabi-9-2019-q4-major/bin/../lib/gcc/arm-none-eabi/9.2.1/../../../../arm-none-eabi/lib/thumb/v6-m/nofp/libc_nano.a(lib_a-memset.o)
 .debug_frame   0x0000000000000074       0x20 /home/engi/.arm-none-eabi-gcc/gcc-arm-none-eabi-9-2019-q4-major/bin/../lib/gcc/arm-none-eabi/9.2.1/../../../../arm-none-eabi/lib/thumb/v6-m/nofp/libnosys.a(_exit.o)
 .debug_frame   0x0000000000000094       0xd4 _build/nrf51422_xxac_app_button.c.o
 .debug_frame   0x0000000000000168       0x5c _build/nrf51422_xxac_app_error.c.o
 .debug_frame   0x00000000000001c4       0x20 _build/nrf51422_xxac_app_error_weak.c.o
 .debug_frame   0x00000000000001e4       0xb4 _build/nrf51422_xxac_app_fifo.c.o
 .debug_frame   0x0000000000000298      0x118 _build/nrf51422_xxac_app_timer.c.o
 .debug_frame   0x00000000000003b0       0xb8 _build/nrf51422_xxac_app_uart_fifo.c.o
 .debug_frame   0x0000000000000468       0x68 _build/nrf51422_xxac_app_util_platform.c.o
 .debug_frame   0x00000000000004d0       0x44 _build/nrf51422_xxac_retarget.c.o
 .debug_frame   0x0000000000000514       0xe8 _build/nrf51422_xxac_boards.c.o
 .debug_frame   0x00000000000005fc      0x1bc _build/nrf51422_xxac_nrf_drv_clock.c.o
 .debug_frame   0x00000000000007b8       0x40 _build/nrf51422_xxac_nrf_drv_common.c.o
 .debug_frame   0x00000000000007f8      0x1fc _build/nrf51422_xxac_nrf_drv_gpiote.c.o
 .debug_frame   0x00000000000009f4      0x14c _build/nrf51422_xxac_nrf_drv_uart.c.o
 .debug_frame   0x0000000000000b40      0x144 _build/nrf51422_xxac_bsp.c.o
 .debug_frame   0x0000000000000c84       0x58 _build/nrf51422_xxac_bsp_btn_ble.c.o
 .debug_frame   0x0000000000000cdc      0x15c _build/nrf51422_xxac_main.c.o
 .debug_frame   0x0000000000000e38      0x140 _build/nrf51422_xxac_ble_db_discovery.c.o
 .debug_frame   0x0000000000000f78       0x30 _build/nrf51422_xxac_system_nrf51.c.o
 .debug_frame   0x0000000000000fa8       0xd8 _build/nrf51422_xxac_ble_nus_c.c.o
 .debug_frame   0x0000000000001080      0x1b8 _build/nrf51422_xxac_softdevice_handler.c.o
 .debug_frame   0x0000000000001238       0x20 /home/engi/.arm-none-eabi-gcc/gcc-arm-none-eabi-9-2019-q4-major/bin/../lib/gcc/arm-none-eabi/9.2.1/thumb/v6-m/nofp/libgcc.a(_udivsi3.o)
 .debug_frame   0x0000000000001258       0x28 /home/engi/.arm-none-eabi-gcc/gcc-arm-none-eabi-9-2019-q4-major/bin/../lib/gcc/arm-none-eabi/9.2.1/../../../../arm-none-eabi/lib/thumb/v6-m/nofp/libc_nano.a(lib_a-memcpy-stub.o)
 .debug_frame   0x0000000000001280       0x50 /home/engi/.arm-none-eabi-gcc/gcc-arm-none-eabi-9-2019-q4-major/bin/../lib/gcc/arm-none-eabi/9.2.1/../../../../arm-none-eabi/lib/thumb/v6-m/nofp/libc_nano.a(lib_a-printf.o)
 .debug_frame   0x00000000000012d0      0x170 /home/engi/.arm-none-eabi-gcc/gcc-arm-none-eabi-9-2019-q4-major/bin/../lib/gcc/arm-none-eabi/9.2.1/../../../../arm-none-eabi/lib/thumb/v6-m/nofp/libc_nano.a(lib_a-findfp.o)
 .debug_frame   0x0000000000001440       0x58 /home/engi/.arm-none-eabi-gcc/gcc-arm-none-eabi-9-2019-q4-major/bin/../lib/gcc/arm-none-eabi/9.2.1/../../../../arm-none-eabi/lib/thumb/v6-m/nofp/libc_nano.a(lib_a-fwalk.o)
 .debug_frame   0x0000000000001498       0xb0 /home/engi/.arm-none-eabi-gcc/gcc-arm-none-eabi-9-2019-q4-major/bin/../lib/gcc/arm-none-eabi/9.2.1/../../../../arm-none-eabi/lib/thumb/v6-m/nofp/libc_nano.a(lib_a-lock.o)
 .debug_frame   0x0000000000001548       0x30 /home/engi/.arm-none-eabi-gcc/gcc-arm-none-eabi-9-2019-q4-major/bin/../lib/gcc/arm-none-eabi/9.2.1/../../../../arm-none-eabi/lib/thumb/v6-m/nofp/libc_nano.a(lib_a-nano-mallocr.o)
 .debug_frame   0x0000000000001578       0x9c /home/engi/.arm-none-eabi-gcc/gcc-arm-none-eabi-9-2019-q4-major/bin/../lib/gcc/arm-none-eabi/9.2.1/../../../../arm-none-eabi/lib/thumb/v6-m/nofp/libc_nano.a(lib_a-nano-vfprintf.o)
 .debug_frame   0x0000000000001614       0x54 /home/engi/.arm-none-eabi-gcc/gcc-arm-none-eabi-9-2019-q4-major/bin/../lib/gcc/arm-none-eabi/9.2.1/../../../../arm-none-eabi/lib/thumb/v6-m/nofp/libc_nano.a(lib_a-nano-vfprintf_i.o)
 .debug_frame   0x0000000000001668       0x2c /home/engi/.arm-none-eabi-gcc/gcc-arm-none-eabi-9-2019-q4-major/bin/../lib/gcc/arm-none-eabi/9.2.1/../../../../arm-none-eabi/lib/thumb/v6-m/nofp/libc_nano.a(lib_a-sbrkr.o)
 .debug_frame   0x0000000000001694       0x90 /home/engi/.arm-none-eabi-gcc/gcc-arm-none-eabi-9-2019-q4-major/bin/../lib/gcc/arm-none-eabi/9.2.1/../../../../arm-none-eabi/lib/thumb/v6-m/nofp/libc_nano.a(lib_a-stdio.o)
 .debug_frame   0x0000000000001724       0x48 /home/engi/.arm-none-eabi-gcc/gcc-arm-none-eabi-9-2019-q4-major/bin/../lib/gcc/arm-none-eabi/9.2.1/../../../../arm-none-eabi/lib/thumb/v6-m/nofp/libc_nano.a(lib_a-wbuf.o)
 .debug_frame   0x000000000000176c       0x2c /home/engi/.arm-none-eabi-gcc/gcc-arm-none-eabi-9-2019-q4-major/bin/../lib/gcc/arm-none-eabi/9.2.1/../../../../arm-none-eabi/lib/thumb/v6-m/nofp/libc_nano.a(lib_a-writer.o)
 .debug_frame   0x0000000000001798       0x2c /home/engi/.arm-none-eabi-gcc/gcc-arm-none-eabi-9-2019-q4-major/bin/../lib/gcc/arm-none-eabi/9.2.1/../../../../arm-none-eabi/lib/thumb/v6-m/nofp/libc_nano.a(lib_a-wsetup.o)
 .debug_frame   0x00000000000017c4       0x2c /home/engi/.arm-none-eabi-gcc/gcc-arm-none-eabi-9-2019-q4-major/bin/../lib/gcc/arm-none-eabi/9.2.1/../../../../arm-none-eabi/lib/thumb/v6-m/nofp/libc_nano.a(lib_a-closer.o)
 .debug_frame   0x00000000000017f0       0x68 /home/engi/.arm-none-eabi-gcc/gcc-arm-none-eabi-9-2019-q4-major/bin/../lib/gcc/arm-none-eabi/9.2.1/../../../../arm-none-eabi/lib/thumb/v6-m/nofp/libc_nano.a(lib_a-fflush.o)
 .debug_frame   0x0000000000001858       0x2c /home/engi/.arm-none-eabi-gcc/gcc-arm-none-eabi-9-2019-q4-major/bin/../lib/gcc/arm-none-eabi/9.2.1/../../../../arm-none-eabi/lib/thumb/v6-m/nofp/libc_nano.a(lib_a-lseekr.o)
 .debug_frame   0x0000000000001884       0x54 /home/engi/.arm-none-eabi-gcc/gcc-arm-none-eabi-9-2019-q4-major/bin/../lib/gcc/arm-none-eabi/9.2.1/../../../../arm-none-eabi/lib/thumb/v6-m/nofp/libc_nano.a(lib_a-makebuf.o)
 .debug_frame   0x00000000000018d8       0x20 /home/engi/.arm-none-eabi-gcc/gcc-arm-none-eabi-9-2019-q4-major/bin/../lib/gcc/arm-none-eabi/9.2.1/../../../../arm-none-eabi/lib/thumb/v6-m/nofp/libc_nano.a(lib_a-memchr-stub.o)
 .debug_frame   0x00000000000018f8       0x40 /home/engi/.arm-none-eabi-gcc/gcc-arm-none-eabi-9-2019-q4-major/bin/../lib/gcc/arm-none-eabi/9.2.1/../../../../arm-none-eabi/lib/thumb/v6-m/nofp/libc_nano.a(lib_a-mlock.o)
 .debug_frame   0x0000000000001938       0x2c /home/engi/.arm-none-eabi-gcc/gcc-arm-none-eabi-9-2019-q4-major/bin/../lib/gcc/arm-none-eabi/9.2.1/../../../../arm-none-eabi/lib/thumb/v6-m/nofp/libc_nano.a(lib_a-nano-freer.o)
 .debug_frame   0x0000000000001964       0x2c /home/engi/.arm-none-eabi-gcc/gcc-arm-none-eabi-9-2019-q4-major/bin/../lib/gcc/arm-none-eabi/9.2.1/../../../../arm-none-eabi/lib/thumb/v6-m/nofp/libc_nano.a(lib_a-readr.o)
 .debug_frame   0x0000000000001990       0x48 /home/engi/.arm-none-eabi-gcc/gcc-arm-none-eabi-9-2019-q4-major/bin/../lib/gcc/arm-none-eabi/9.2.1/../../../../arm-none-eabi/lib/thumb/v6-m/nofp/libc_nano.a(lib_a-reent.o)
 .debug_frame   0x00000000000019d8       0x2c /home/engi/.arm-none-eabi-gcc/gcc-arm-none-eabi-9-2019-q4-major/bin/../lib/gcc/arm-none-eabi/9.2.1/../../../../arm-none-eabi/lib/thumb/v6-m/nofp/libc_nano.a(lib_a-fstatr.o)
 .debug_frame   0x0000000000001a04       0x2c /home/engi/.arm-none-eabi-gcc/gcc-arm-none-eabi-9-2019-q4-major/bin/../lib/gcc/arm-none-eabi/9.2.1/../../../../arm-none-eabi/lib/thumb/v6-m/nofp/libc_nano.a(lib_a-isattyr.o)
 .debug_frame   0x0000000000001a30       0x20 /home/engi/.arm-none-eabi-gcc/gcc-arm-none-eabi-9-2019-q4-major/bin/../lib/gcc/arm-none-eabi/9.2.1/../../../../arm-none-eabi/lib/thumb/v6-m/nofp/libnosys.a(close.o)
 .debug_frame   0x0000000000001a50       0x20 /home/engi/.arm-none-eabi-gcc/gcc-arm-none-eabi-9-2019-q4-major/bin/../lib/gcc/arm-none-eabi/9.2.1/../../../../arm-none-eabi/lib/thumb/v6-m/nofp/libnosys.a(fstat.o)
 .debug_frame   0x0000000000001a70       0x20 /home/engi/.arm-none-eabi-gcc/gcc-arm-none-eabi-9-2019-q4-major/bin/../lib/gcc/arm-none-eabi/9.2.1/../../../../arm-none-eabi/lib/thumb/v6-m/nofp/libnosys.a(isatty.o)
 .debug_frame   0x0000000000001a90       0x20 /home/engi/.arm-none-eabi-gcc/gcc-arm-none-eabi-9-2019-q4-major/bin/../lib/gcc/arm-none-eabi/9.2.1/../../../../arm-none-eabi/lib/thumb/v6-m/nofp/libnosys.a(lseek.o)
 .debug_frame   0x0000000000001ab0       0x20 /home/engi/.arm-none-eabi-gcc/gcc-arm-none-eabi-9-2019-q4-major/bin/../lib/gcc/arm-none-eabi/9.2.1/../../../../arm-none-eabi/lib/thumb/v6-m/nofp/libnosys.a(sbrk.o)

.debug_info     0x0000000000000000    0x24ef1
 .debug_info    0x0000000000000000      0xf27 _build/nrf51422_xxac_app_button.c.o
 .debug_info    0x0000000000000f27      0xc18 _build/nrf51422_xxac_app_error.c.o
 .debug_info    0x0000000000001b3f      0xac5 _build/nrf51422_xxac_app_error_weak.c.o
 .debug_info    0x0000000000002604      0xf91 _build/nrf51422_xxac_app_fifo.c.o
 .debug_info    0x0000000000003595     0x27df _build/nrf51422_xxac_app_timer.c.o
 .debug_info    0x0000000000005d74     0x183b _build/nrf51422_xxac_app_uart_fifo.c.o
 .debug_info    0x00000000000075af      0xe5c _build/nrf51422_xxac_app_util_platform.c.o
 .debug_info    0x000000000000840b      0xab4 _build/nrf51422_xxac_retarget.c.o
 .debug_info    0x0000000000008ebf     0x161a _build/nrf51422_xxac_boards.c.o
 .debug_info    0x000000000000a4d9     0x20de _build/nrf51422_xxac_nrf_drv_clock.c.o
 .debug_info    0x000000000000c5b7      0xdee _build/nrf51422_xxac_nrf_drv_common.c.o
 .debug_info    0x000000000000d3a5     0x3505 _build/nrf51422_xxac_nrf_drv_gpiote.c.o
 .debug_info    0x00000000000108aa     0x3bcf _build/nrf51422_xxac_nrf_drv_uart.c.o
 .debug_info    0x0000000000014479     0x1c59 _build/nrf51422_xxac_bsp.c.o
 .debug_info    0x00000000000160d2     0x213a _build/nrf51422_xxac_bsp_btn_ble.c.o
 .debug_info    0x000000000001820c     0x40fc _build/nrf51422_xxac_main.c.o
 .debug_info    0x000000000001c308     0x34c6 _build/nrf51422_xxac_ble_db_discovery.c.o
 .debug_info    0x000000000001f7ce      0x1fb _build/nrf51422_xxac_system_nrf51.c.o
 .debug_info    0x000000000001f9c9     0x25db _build/nrf51422_xxac_ble_nus_c.c.o
 .debug_info    0x0000000000021fa4     0x2f4d _build/nrf51422_xxac_softdevice_handler.c.o

.debug_abbrev   0x0000000000000000     0x4fb0
 .debug_abbrev  0x0000000000000000      0x2e9 _build/nrf51422_xxac_app_button.c.o
 .debug_abbrev  0x00000000000002e9      0x276 _build/nrf51422_xxac_app_error.c.o
 .debug_abbrev  0x000000000000055f      0x24e _build/nrf51422_xxac_app_error_weak.c.o
 .debug_abbrev  0x00000000000007ad      0x2d1 _build/nrf51422_xxac_app_fifo.c.o
 .debug_abbrev  0x0000000000000a7e      0x523 _build/nrf51422_xxac_app_timer.c.o
 .debug_abbrev  0x0000000000000fa1      0x369 _build/nrf51422_xxac_app_uart_fifo.c.o
 .debug_abbrev  0x000000000000130a      0x393 _build/nrf51422_xxac_app_util_platform.c.o
 .debug_abbrev  0x000000000000169d      0x24e _build/nrf51422_xxac_retarget.c.o
 .debug_abbrev  0x00000000000018eb      0x3e9 _build/nrf51422_xxac_boards.c.o
 .debug_abbrev  0x0000000000001cd4      0x5f5 _build/nrf51422_xxac_nrf_drv_clock.c.o
 .debug_abbrev  0x00000000000022c9      0x2cd _build/nrf51422_xxac_nrf_drv_common.c.o
 .debug_abbrev  0x0000000000002596      0x5e2 _build/nrf51422_xxac_nrf_drv_gpiote.c.o
 .debug_abbrev  0x0000000000002b78      0x4cc _build/nrf51422_xxac_nrf_drv_uart.c.o
 .debug_abbrev  0x0000000000003044      0x4cf _build/nrf51422_xxac_bsp.c.o
 .debug_abbrev  0x0000000000003513      0x3fa _build/nrf51422_xxac_bsp_btn_ble.c.o
 .debug_abbrev  0x000000000000390d      0x57f _build/nrf51422_xxac_main.c.o
 .debug_abbrev  0x0000000000003e8c      0x5ae _build/nrf51422_xxac_ble_db_discovery.c.o
 .debug_abbrev  0x000000000000443a      0x124 _build/nrf51422_xxac_system_nrf51.c.o
 .debug_abbrev  0x000000000000455e      0x425 _build/nrf51422_xxac_ble_nus_c.c.o
 .debug_abbrev  0x0000000000004983      0x62d _build/nrf51422_xxac_softdevice_handler.c.o

.debug_loc      0x0000000000000000     0xdf66
 .debug_loc     0x0000000000000000      0x436 _build/nrf51422_xxac_app_button.c.o
 .debug_loc     0x0000000000000436      0x158 _build/nrf51422_xxac_app_error.c.o
 .debug_loc     0x000000000000058e       0x25 _build/nrf51422_xxac_app_error_weak.c.o
 .debug_loc     0x00000000000005b3      0x811 _build/nrf51422_xxac_app_fifo.c.o
 .debug_loc     0x0000000000000dc4     0x1581 _build/nrf51422_xxac_app_timer.c.o
 .debug_loc     0x0000000000002345      0x429 _build/nrf51422_xxac_app_uart_fifo.c.o
 .debug_loc     0x000000000000276e       0xb5 _build/nrf51422_xxac_app_util_platform.c.o
 .debug_loc     0x0000000000002823      0x14b _build/nrf51422_xxac_retarget.c.o
 .debug_loc     0x000000000000296e      0xd7b _build/nrf51422_xxac_boards.c.o
 .debug_loc     0x00000000000036e9      0x630 _build/nrf51422_xxac_nrf_drv_clock.c.o
 .debug_loc     0x0000000000003d19       0xfe _build/nrf51422_xxac_nrf_drv_common.c.o
 .debug_loc     0x0000000000003e17     0x2ca6 _build/nrf51422_xxac_nrf_drv_gpiote.c.o
 .debug_loc     0x0000000000006abd     0x20b0 _build/nrf51422_xxac_nrf_drv_uart.c.o
 .debug_loc     0x0000000000008b6d      0xdc2 _build/nrf51422_xxac_bsp.c.o
 .debug_loc     0x000000000000992f      0x228 _build/nrf51422_xxac_bsp_btn_ble.c.o
 .debug_loc     0x0000000000009b57      0xe4e _build/nrf51422_xxac_main.c.o
 .debug_loc     0x000000000000a9a5     0x28bb _build/nrf51422_xxac_ble_db_discovery.c.o
 .debug_loc     0x000000000000d260      0x501 _build/nrf51422_xxac_ble_nus_c.c.o
 .debug_loc     0x000000000000d761      0x805 _build/nrf51422_xxac_softdevice_handler.c.o

.debug_aranges  0x0000000000000000      0x750
 .debug_aranges
                0x0000000000000000       0x48 _build/nrf51422_xxac_app_button.c.o
 .debug_aranges
                0x0000000000000048       0x30 _build/nrf51422_xxac_app_error.c.o
 .debug_aranges
                0x0000000000000078       0x20 _build/nrf51422_xxac_app_error_weak.c.o
 .debug_aranges
                0x0000000000000098       0x50 _build/nrf51422_xxac_app_fifo.c.o
 .debug_aranges
                0x00000000000000e8       0x60 _build/nrf51422_xxac_app_timer.c.o
 .debug_aranges
                0x0000000000000148       0x48 _build/nrf51422_xxac_app_uart_fifo.c.o
 .debug_aranges
                0x0000000000000190       0x38 _build/nrf51422_xxac_app_util_platform.c.o
 .debug_aranges
                0x00000000000001c8       0x28 _build/nrf51422_xxac_retarget.c.o
 .debug_aranges
                0x00000000000001f0       0x80 _build/nrf51422_xxac_boards.c.o
 .debug_aranges
                0x0000000000000270       0xb0 _build/nrf51422_xxac_nrf_drv_clock.c.o
 .debug_aranges
                0x0000000000000320       0x28 _build/nrf51422_xxac_nrf_drv_common.c.o
 .debug_aranges
                0x0000000000000348       0xb8 _build/nrf51422_xxac_nrf_drv_gpiote.c.o
 .debug_aranges
                0x0000000000000400       0x70 _build/nrf51422_xxac_nrf_drv_uart.c.o
 .debug_aranges
                0x0000000000000470       0x78 _build/nrf51422_xxac_bsp.c.o
 .debug_aranges
                0x00000000000004e8       0x30 _build/nrf51422_xxac_bsp_btn_ble.c.o
 .debug_aranges
                0x0000000000000518       0x90 _build/nrf51422_xxac_main.c.o
 .debug_aranges
                0x00000000000005a8       0x70 _build/nrf51422_xxac_ble_db_discovery.c.o
 .debug_aranges
                0x0000000000000618       0x28 _build/nrf51422_xxac_system_nrf51.c.o
 .debug_aranges
                0x0000000000000640       0x58 _build/nrf51422_xxac_ble_nus_c.c.o
 .debug_aranges
                0x0000000000000698       0xb8 _build/nrf51422_xxac_softdevice_handler.c.o

.debug_ranges   0x0000000000000000     0x4178
 .debug_ranges  0x0000000000000000       0xa0 _build/nrf51422_xxac_app_button.c.o
 .debug_ranges  0x00000000000000a0       0x20 _build/nrf51422_xxac_app_error.c.o
 .debug_ranges  0x00000000000000c0       0x10 _build/nrf51422_xxac_app_error_weak.c.o
 .debug_ranges  0x00000000000000d0       0xe8 _build/nrf51422_xxac_app_fifo.c.o
 .debug_ranges  0x00000000000001b8      0x710 _build/nrf51422_xxac_app_timer.c.o
 .debug_ranges  0x00000000000008c8       0x50 _build/nrf51422_xxac_app_uart_fifo.c.o
 .debug_ranges  0x0000000000000918       0x90 _build/nrf51422_xxac_app_util_platform.c.o
 .debug_ranges  0x00000000000009a8       0x18 _build/nrf51422_xxac_retarget.c.o
 .debug_ranges  0x00000000000009c0      0x7d8 _build/nrf51422_xxac_boards.c.o
 .debug_ranges  0x0000000000001198      0x4d0 _build/nrf51422_xxac_nrf_drv_clock.c.o
 .debug_ranges  0x0000000000001668       0x70 _build/nrf51422_xxac_nrf_drv_common.c.o
 .debug_ranges  0x00000000000016d8     0x1228 _build/nrf51422_xxac_nrf_drv_gpiote.c.o
 .debug_ranges  0x0000000000002900      0x940 _build/nrf51422_xxac_nrf_drv_uart.c.o
 .debug_ranges  0x0000000000003240      0x160 _build/nrf51422_xxac_bsp.c.o
 .debug_ranges  0x00000000000033a0       0x98 _build/nrf51422_xxac_bsp_btn_ble.c.o
 .debug_ranges  0x0000000000003438      0x408 _build/nrf51422_xxac_main.c.o
 .debug_ranges  0x0000000000003840      0x5c0 _build/nrf51422_xxac_ble_db_discovery.c.o
 .debug_ranges  0x0000000000003e00       0x68 _build/nrf51422_xxac_system_nrf51.c.o
 .debug_ranges  0x0000000000003e68       0x60 _build/nrf51422_xxac_ble_nus_c.c.o
 .debug_ranges  0x0000000000003ec8      0x2b0 _build/nrf51422_xxac_softdevice_handler.c.o

.debug_macro    0x0000000000000000     0x67de
 .debug_macro   0x0000000000000000      0x2fa _build/nrf51422_xxac_app_button.c.o
 .debug_macro   0x00000000000002fa       0x1c _build/nrf51422_xxac_app_button.c.o
 .debug_macro   0x0000000000000316       0x10 _build/nrf51422_xxac_app_button.c.o
 .debug_macro   0x0000000000000326       0x10 _build/nrf51422_xxac_app_button.c.o
 .debug_macro   0x0000000000000336       0xb6 _build/nrf51422_xxac_app_button.c.o
 .debug_macro   0x00000000000003ec       0x16 _build/nrf51422_xxac_app_button.c.o
 .debug_macro   0x0000000000000402      0x129 _build/nrf51422_xxac_app_button.c.o
 .debug_macro   0x000000000000052b       0x2b _build/nrf51422_xxac_app_button.c.o
 .debug_macro   0x0000000000000556      0x168 _build/nrf51422_xxac_app_button.c.o
 .debug_macro   0x00000000000006be       0x10 _build/nrf51422_xxac_app_button.c.o
 .debug_macro   0x00000000000006ce       0x16 _build/nrf51422_xxac_app_button.c.o
 .debug_macro   0x00000000000006e4       0x22 _build/nrf51422_xxac_app_button.c.o
 .debug_macro   0x0000000000000706       0x16 _build/nrf51422_xxac_app_button.c.o
 .debug_macro   0x000000000000071c       0x1c _build/nrf51422_xxac_app_button.c.o
 .debug_macro   0x0000000000000738       0x36 _build/nrf51422_xxac_app_button.c.o
 .debug_macro   0x000000000000076e       0x11 _build/nrf51422_xxac_app_button.c.o
 .debug_macro   0x000000000000077f       0x30 _build/nrf51422_xxac_app_button.c.o
 .debug_macro   0x00000000000007af      0x28f _build/nrf51422_xxac_app_error.c.o
 .debug_macro   0x0000000000000a3e       0x34 _build/nrf51422_xxac_app_error.c.o
 .debug_macro   0x0000000000000a72       0x22 _build/nrf51422_xxac_app_error.c.o
 .debug_macro   0x0000000000000a94       0x16 _build/nrf51422_xxac_app_error.c.o
 .debug_macro   0x0000000000000aaa       0x97 _build/nrf51422_xxac_app_error.c.o
 .debug_macro   0x0000000000000b41       0xf6 _build/nrf51422_xxac_app_error.c.o
 .debug_macro   0x0000000000000c37       0x22 _build/nrf51422_xxac_app_error.c.o
 .debug_macro   0x0000000000000c59       0x16 _build/nrf51422_xxac_app_error.c.o
 .debug_macro   0x0000000000000c6f      0x39b _build/nrf51422_xxac_app_error.c.o
 .debug_macro   0x000000000000100a      0x170 _build/nrf51422_xxac_app_error.c.o
 .debug_macro   0x000000000000117a       0x5a _build/nrf51422_xxac_app_error.c.o
 .debug_macro   0x00000000000011d4       0x28 _build/nrf51422_xxac_app_error.c.o
 .debug_macro   0x00000000000011fc       0x22 _build/nrf51422_xxac_app_error.c.o
 .debug_macro   0x000000000000121e      0x28f _build/nrf51422_xxac_app_error_weak.c.o
 .debug_macro   0x00000000000014ad       0x1c _build/nrf51422_xxac_app_error_weak.c.o
 .debug_macro   0x00000000000014c9      0x216 _build/nrf51422_xxac_app_fifo.c.o
 .debug_macro   0x00000000000016df      0x326 _build/nrf51422_xxac_app_timer.c.o
 .debug_macro   0x0000000000001a05       0x16 _build/nrf51422_xxac_app_timer.c.o
 .debug_macro   0x0000000000001a1b       0x40 _build/nrf51422_xxac_app_timer.c.o
 .debug_macro   0x0000000000001a5b       0x64 _build/nrf51422_xxac_app_timer.c.o
 .debug_macro   0x0000000000001abf       0x10 _build/nrf51422_xxac_app_timer.c.o
 .debug_macro   0x0000000000001acf       0x22 _build/nrf51422_xxac_app_timer.c.o
 .debug_macro   0x0000000000001af1       0x72 _build/nrf51422_xxac_app_timer.c.o
 .debug_macro   0x0000000000001b63      0x32b _build/nrf51422_xxac_app_uart_fifo.c.o
 .debug_macro   0x0000000000001e8e       0x18 _build/nrf51422_xxac_app_uart_fifo.c.o
 .debug_macro   0x0000000000001ea6       0x10 _build/nrf51422_xxac_app_uart_fifo.c.o
 .debug_macro   0x0000000000001eb6       0x36 _build/nrf51422_xxac_app_uart_fifo.c.o
 .debug_macro   0x0000000000001eec      0x262 _build/nrf51422_xxac_app_util_platform.c.o
 .debug_macro   0x000000000000214e      0x2b3 _build/nrf51422_xxac_retarget.c.o
 .debug_macro   0x0000000000002401      0x286 _build/nrf51422_xxac_boards.c.o